CACHE ordinary 0
CACHE ordinary 5
CACHE ordinary 11
CACHE ordinary 17
CACHE ordinary 23
CACHE ordinary 28
CACHE ordinary 34
CACHE ordinary 40
CACHE ordinary 46
CACHE ordinary 51
CACHE ordinary 57
CACHE ordinary 3
CACHE ordinary 9
CACHE ordinary 15
CACHE ordinary 20
CACHE ordinary 26
CACHE ordinary 32
CACHE ordinary 38
CACHE ordinary 43
CACHE ordinary 49
CACHE ordinary 55
CACHE ordinary 1
CACHE ordinary 7
CACHE ordinary 12
CACHE ordinary 18
CACHE ordinary 24
CACHE ordinary 30
CACHE ordinary 35
CACHE ordinary 41
CACHE ordinary 47
CACHE ordinary 53
CACHE ordinary 59
/data/zhangbenzhuang/miniconda3/envs/test/lib/python3.10/site-packages/torch/optim/lr_scheduler.py:182: UserWarning: Detected call of `lr_scheduler.step()` before `optimizer.step()`. In PyTorch 1.1.0 and later, you should call them in the opposite order: `optimizer.step()` before `lr_scheduler.step()`.  Failure to do this will result in PyTorch skipping the first value of the learning rate schedule. See more details at https://pytorch.org/docs/stable/optim.html#how-to-adjust-learning-rate
  warnings.warn(
TRAIN ordinary 3 {'step': 1000, 'loss': 2.9313430786132812, 'phase_mae_gray': 0.823567271232605, 'temporal_mae_gray': 0.2225283682346344, 'local_mean_mae_gray': 0.28045669198036194, 'feature_relative_mae': 0.03514593094587326, 'train_roi_holdout': {'phase_mae_gray': 0.6394603252410889, 'temporal_mae_gray': 0.20894861221313477, 'local_mean_mae_gray': 0.35712212324142456, 'feature_relative_mae': 0.03774343430995941}, 'elapsed_s': 3.340331499930471}
TRAIN ordinary 3 {'step': 2000, 'loss': 3.0876104831695557, 'phase_mae_gray': 0.6951507925987244, 'temporal_mae_gray': 0.21063092350959778, 'local_mean_mae_gray': 0.5953704714775085, 'feature_relative_mae': 0.044156789779663086, 'train_roi_holdout': {'phase_mae_gray': 0.9494131207466125, 'temporal_mae_gray': 0.21125832200050354, 'local_mean_mae_gray': 0.8504225015640259, 'feature_relative_mae': 0.03720499202609062}, 'elapsed_s': 6.349084985908121}
TRAIN ordinary 3 {'step': 3000, 'loss': 3.6832923889160156, 'phase_mae_gray': 0.9208886623382568, 'temporal_mae_gray': 0.2631634473800659, 'local_mean_mae_gray': 0.44192251563072205, 'feature_relative_mae': 0.03843967244029045, 'train_roi_holdout': {'phase_mae_gray': 0.6271599531173706, 'temporal_mae_gray': 0.202869713306427, 'local_mean_mae_gray': 0.33585524559020996, 'feature_relative_mae': 0.0372726209461689}, 'elapsed_s': 9.80696667265147}
TRAIN ordinary 3 {'step': 4000, 'loss': 2.625528335571289, 'phase_mae_gray': 0.6793941259384155, 'temporal_mae_gray': 0.21377180516719818, 'local_mean_mae_gray': 0.30608534812927246, 'feature_relative_mae': 0.038143787533044815, 'train_roi_holdout': {'phase_mae_gray': 0.636894166469574, 'temporal_mae_gray': 0.20185859501361847, 'local_mean_mae_gray': 0.34678739309310913, 'feature_relative_mae': 0.03819160908460617}, 'elapsed_s': 13.548048013821244}
TRAIN ordinary 3 {'step': 5000, 'loss': 2.725412130355835, 'phase_mae_gray': 0.8248006701469421, 'temporal_mae_gray': 0.10125099122524261, 'local_mean_mae_gray': 0.33973824977874756, 'feature_relative_mae': 0.03201669827103615, 'train_roi_holdout': {'phase_mae_gray': 0.6257262825965881, 'temporal_mae_gray': 0.20365989208221436, 'local_mean_mae_gray': 0.30373862385749817, 'feature_relative_mae': 0.03755449131131172}, 'elapsed_s': 17.63164665689692}
TRAIN ordinary 3 {'step': 6000, 'loss': 3.3449177742004395, 'phase_mae_gray': 0.8415058851242065, 'temporal_mae_gray': 0.24786698818206787, 'local_mean_mae_gray': 0.45338332653045654, 'feature_relative_mae': 0.029954787343740463, 'train_roi_holdout': {'phase_mae_gray': 0.6664131879806519, 'temporal_mae_gray': 0.19837917387485504, 'local_mean_mae_gray': 0.44122838973999023, 'feature_relative_mae': 0.03650708496570587}, 'elapsed_s': 21.704957120586187}
TRAIN ordinary 3 {'step': 7000, 'loss': 4.986232757568359, 'phase_mae_gray': 1.2638696432113647, 'temporal_mae_gray': 0.313973069190979, 'local_mean_mae_gray': 0.6380533576011658, 'feature_relative_mae': 0.03359801694750786, 'train_roi_holdout': {'phase_mae_gray': 0.6395832896232605, 'temporal_mae_gray': 0.20036175847053528, 'local_mean_mae_gray': 0.37945160269737244, 'feature_relative_mae': 0.036353226751089096}, 'elapsed_s': 25.721842838916928}
TRAIN ordinary 3 {'step': 8000, 'loss': 4.347036361694336, 'phase_mae_gray': 1.0788311958312988, 'temporal_mae_gray': 0.30754509568214417, 'local_mean_mae_gray': 0.49673381447792053, 'feature_relative_mae': 0.03621295094490051, 'train_roi_holdout': {'phase_mae_gray': 0.6257491707801819, 'temporal_mae_gray': 0.19905038177967072, 'local_mean_mae_gray': 0.31662699580192566, 'feature_relative_mae': 0.03672167658805847}, 'elapsed_s': 29.79470131592825}
TRAIN ordinary 3 {'step': 9000, 'loss': 3.6803083419799805, 'phase_mae_gray': 0.9383508563041687, 'temporal_mae_gray': 0.2188190370798111, 'local_mean_mae_gray': 0.5560441613197327, 'feature_relative_mae': 0.034099139273166656, 'train_roi_holdout': {'phase_mae_gray': 0.6244500875473022, 'temporal_mae_gray': 0.19621431827545166, 'local_mean_mae_gray': 0.3400106430053711, 'feature_relative_mae': 0.03695158660411835}, 'elapsed_s': 33.78192148078233}
TRAIN ordinary 3 {'step': 10000, 'loss': 2.602698564529419, 'phase_mae_gray': 0.7369897961616516, 'temporal_mae_gray': 0.19746844470500946, 'local_mean_mae_gray': 0.2502160966396332, 'feature_relative_mae': 0.03581039607524872, 'train_roi_holdout': {'phase_mae_gray': 0.6235755085945129, 'temporal_mae_gray': 0.1977185159921646, 'local_mean_mae_gray': 0.32244977355003357, 'feature_relative_mae': 0.036311425268650055}, 'elapsed_s': 37.72903417190537}
TRAIN ordinary 3 {'step': 11000, 'loss': 3.0066328048706055, 'phase_mae_gray': 0.742862343788147, 'temporal_mae_gray': 0.23392091691493988, 'local_mean_mae_gray': 0.3691071569919586, 'feature_relative_mae': 0.0371062271296978, 'train_roi_holdout': {'phase_mae_gray': 0.6388334631919861, 'temporal_mae_gray': 0.19720174372196198, 'local_mean_mae_gray': 0.3723488748073578, 'feature_relative_mae': 0.03745073452591896}, 'elapsed_s': 41.170381700620055}
TRAIN ordinary 3 {'step': 12000, 'loss': 3.8299005031585693, 'phase_mae_gray': 1.127792239189148, 'temporal_mae_gray': 0.0885823592543602, 'local_mean_mae_gray': 0.5356994271278381, 'feature_relative_mae': 0.03518809750676155, 'train_roi_holdout': {'phase_mae_gray': 0.6218225359916687, 'temporal_mae_gray': 0.1961759477853775, 'local_mean_mae_gray': 0.3243836462497711, 'feature_relative_mae': 0.03580279275774956}, 'elapsed_s': 44.59736362285912}
TRAIN ordinary 3 {'step': 13000, 'loss': 2.5088484287261963, 'phase_mae_gray': 0.6881644129753113, 'temporal_mae_gray': 0.21076171100139618, 'local_mean_mae_gray': 0.2344728708267212, 'feature_relative_mae': 0.03249650076031685, 'train_roi_holdout': {'phase_mae_gray': 0.6155255436897278, 'temporal_mae_gray': 0.1951456218957901, 'local_mean_mae_gray': 0.3209608197212219, 'feature_relative_mae': 0.03664538636803627}, 'elapsed_s': 47.86006740666926}
TRAIN ordinary 3 {'step': 14000, 'loss': 2.8097100257873535, 'phase_mae_gray': 0.7225390076637268, 'temporal_mae_gray': 0.22111818194389343, 'local_mean_mae_gray': 0.35264697670936584, 'feature_relative_mae': 0.03209578990936279, 'train_roi_holdout': {'phase_mae_gray': 0.6250918507575989, 'temporal_mae_gray': 0.19567197561264038, 'local_mean_mae_gray': 0.34987902641296387, 'feature_relative_mae': 0.036292023956775665}, 'elapsed_s': 51.03855740791187}
TRAIN ordinary 3 {'step': 15000, 'loss': 2.4370267391204834, 'phase_mae_gray': 0.6398541331291199, 'temporal_mae_gray': 0.20554803311824799, 'local_mean_mae_gray': 0.260459840297699, 'feature_relative_mae': 0.03295557573437691, 'train_roi_holdout': {'phase_mae_gray': 0.6199107766151428, 'temporal_mae_gray': 0.19480635225772858, 'local_mean_mae_gray': 0.3344901502132416, 'feature_relative_mae': 0.036012567579746246}, 'elapsed_s': 54.55453203385696}
TRAIN ordinary 3 {'step': 16000, 'loss': 2.1696441173553467, 'phase_mae_gray': 0.4895398020744324, 'temporal_mae_gray': 0.21301162242889404, 'local_mean_mae_gray': 0.2673061788082123, 'feature_relative_mae': 0.03780243918299675, 'train_roi_holdout': {'phase_mae_gray': 0.6299116015434265, 'temporal_mae_gray': 0.194059357047081, 'local_mean_mae_gray': 0.3435603082180023, 'feature_relative_mae': 0.03629256784915924}, 'elapsed_s': 58.072261918801814}
TRAIN ordinary 3 {'step': 17000, 'loss': 2.3689095973968506, 'phase_mae_gray': 0.6311433911323547, 'temporal_mae_gray': 0.20209524035453796, 'local_mean_mae_gray': 0.2414896935224533, 'feature_relative_mae': 0.03631521016359329, 'train_roi_holdout': {'phase_mae_gray': 0.6175445914268494, 'temporal_mae_gray': 0.1955248862504959, 'local_mean_mae_gray': 0.3149554431438446, 'feature_relative_mae': 0.03610644116997719}, 'elapsed_s': 61.63764211488888}
TRAIN ordinary 3 {'step': 18000, 'loss': 2.46197509765625, 'phase_mae_gray': 0.6738391518592834, 'temporal_mae_gray': 0.199107363820076, 'local_mean_mae_gray': 0.2467995136976242, 'feature_relative_mae': 0.03265654295682907, 'train_roi_holdout': {'phase_mae_gray': 0.6190865635871887, 'temporal_mae_gray': 0.19459368288516998, 'local_mean_mae_gray': 0.33087366819381714, 'feature_relative_mae': 0.03555656969547272}, 'elapsed_s': 65.73492449289188}
TRAIN ordinary 3 {'step': 19000, 'loss': 2.3862950801849365, 'phase_mae_gray': 0.7086474299430847, 'temporal_mae_gray': 0.18192920088768005, 'local_mean_mae_gray': 0.2057865709066391, 'feature_relative_mae': 0.03206365182995796, 'train_roi_holdout': {'phase_mae_gray': 0.6063525676727295, 'temporal_mae_gray': 0.1942150741815567, 'local_mean_mae_gray': 0.30839163064956665, 'feature_relative_mae': 0.03553379699587822}, 'elapsed_s': 69.8187385527417}
TRAIN ordinary 3 {'step': 20000, 'loss': 3.2060396671295166, 'phase_mae_gray': 0.9610652923583984, 'temporal_mae_gray': 0.21286582946777344, 'local_mean_mae_gray': 0.2764020264148712, 'feature_relative_mae': 0.03719257563352585, 'train_roi_holdout': {'phase_mae_gray': 0.6123130917549133, 'temporal_mae_gray': 0.1955939531326294, 'local_mean_mae_gray': 0.32543328404426575, 'feature_relative_mae': 0.03539152815937996}, 'elapsed_s': 73.76584521774203}
TRAIN ordinary 3 {'step': 21000, 'loss': 4.454530239105225, 'phase_mae_gray': 1.1079344749450684, 'temporal_mae_gray': 0.2927681505680084, 'local_mean_mae_gray': 0.6064265966415405, 'feature_relative_mae': 0.031202541664242744, 'train_roi_holdout': {'phase_mae_gray': 0.6289057731628418, 'temporal_mae_gray': 0.19361965358257294, 'local_mean_mae_gray': 0.36936476826667786, 'feature_relative_mae': 0.035114847123622894}, 'elapsed_s': 77.85540650459006}
TRAIN ordinary 3 {'step': 22000, 'loss': 2.1445868015289307, 'phase_mae_gray': 0.6177497506141663, 'temporal_mae_gray': 0.16616784036159515, 'local_mean_mae_gray': 0.2041683942079544, 'feature_relative_mae': 0.03554070368409157, 'train_roi_holdout': {'phase_mae_gray': 0.6082226037979126, 'temporal_mae_gray': 0.1947152018547058, 'local_mean_mae_gray': 0.3101181387901306, 'feature_relative_mae': 0.03546793386340141}, 'elapsed_s': 81.87969403900206}
TRAIN ordinary 3 {'step': 23000, 'loss': 3.3945729732513428, 'phase_mae_gray': 0.9081175923347473, 'temporal_mae_gray': 0.2542744278907776, 'local_mean_mae_gray': 0.3144091069698334, 'feature_relative_mae': 0.041200943291187286, 'train_roi_holdout': {'phase_mae_gray': 0.6179580688476562, 'temporal_mae_gray': 0.19397525489330292, 'local_mean_mae_gray': 0.336870402097702, 'feature_relative_mae': 0.03572387248277664}, 'elapsed_s': 85.26909299194813}
TRAIN ordinary 3 {'step': 24000, 'loss': 2.4646503925323486, 'phase_mae_gray': 0.6971333622932434, 'temporal_mae_gray': 0.19484873116016388, 'local_mean_mae_gray': 0.2373451143503189, 'feature_relative_mae': 0.031233735382556915, 'train_roi_holdout': {'phase_mae_gray': 0.6099904179573059, 'temporal_mae_gray': 0.19297659397125244, 'local_mean_mae_gray': 0.3149802088737488, 'feature_relative_mae': 0.03567983955144882}, 'elapsed_s': 88.28512919368222}
COMPLETE ordinary 3
TRAIN ordinary 2 {'step': 1000, 'loss': 4.773301124572754, 'phase_mae_gray': 1.203825831413269, 'temporal_mae_gray': 0.34789466857910156, 'local_mean_mae_gray': 0.5497358441352844, 'feature_relative_mae': 0.06180768460035324, 'train_roi_holdout': {'phase_mae_gray': 0.9606062173843384, 'temporal_mae_gray': 0.3235672116279602, 'local_mean_mae_gray': 0.45190683007240295, 'feature_relative_mae': 0.05771341919898987}, 'elapsed_s': 2.953955997247249}
TRAIN ordinary 2 {'step': 2000, 'loss': 2.767361640930176, 'phase_mae_gray': 0.5550652146339417, 'temporal_mae_gray': 0.3023410439491272, 'local_mean_mae_gray': 0.3299393951892853, 'feature_relative_mae': 0.06217402592301369, 'train_roi_holdout': {'phase_mae_gray': 1.0083303451538086, 'temporal_mae_gray': 0.32358384132385254, 'local_mean_mae_gray': 0.5998149514198303, 'feature_relative_mae': 0.05818279832601547}, 'elapsed_s': 6.011423587333411}
TRAIN ordinary 2 {'step': 3000, 'loss': 6.2017951011657715, 'phase_mae_gray': 1.5193467140197754, 'temporal_mae_gray': 0.428956538438797, 'local_mean_mae_gray': 0.6263141632080078, 'feature_relative_mae': 0.07257477194070816, 'train_roi_holdout': {'phase_mae_gray': 0.959233283996582, 'temporal_mae_gray': 0.3187108337879181, 'local_mean_mae_gray': 0.4410756528377533, 'feature_relative_mae': 0.05881500244140625}, 'elapsed_s': 9.394495996180922}
TRAIN ordinary 2 {'step': 4000, 'loss': 4.655303001403809, 'phase_mae_gray': 1.1012965440750122, 'temporal_mae_gray': 0.33965224027633667, 'local_mean_mae_gray': 0.6183280348777771, 'feature_relative_mae': 0.061232421547174454, 'train_roi_holdout': {'phase_mae_gray': 0.9412417411804199, 'temporal_mae_gray': 0.3135685622692108, 'local_mean_mae_gray': 0.4340516924858093, 'feature_relative_mae': 0.058104973286390305}, 'elapsed_s': 12.720523137133569}
TRAIN ordinary 2 {'step': 5000, 'loss': 7.642053604125977, 'phase_mae_gray': 1.8767552375793457, 'temporal_mae_gray': 0.27687400579452515, 'local_mean_mae_gray': 1.0086920261383057, 'feature_relative_mae': 0.07817809283733368, 'train_roi_holdout': {'phase_mae_gray': 0.9463887214660645, 'temporal_mae_gray': 0.3152898848056793, 'local_mean_mae_gray': 0.42921730875968933, 'feature_relative_mae': 0.057942114770412445}, 'elapsed_s': 16.064598673954606}
TRAIN ordinary 2 {'step': 6000, 'loss': 6.249981880187988, 'phase_mae_gray': 1.418544888496399, 'temporal_mae_gray': 0.41006404161453247, 'local_mean_mae_gray': 0.9946178197860718, 'feature_relative_mae': 0.059237152338027954, 'train_roi_holdout': {'phase_mae_gray': 0.9334642291069031, 'temporal_mae_gray': 0.310531347990036, 'local_mean_mae_gray': 0.43611040711402893, 'feature_relative_mae': 0.058896344155073166}, 'elapsed_s': 19.341119579039514}
TRAIN ordinary 2 {'step': 7000, 'loss': 8.350113868713379, 'phase_mae_gray': 1.9896425008773804, 'temporal_mae_gray': 0.48751360177993774, 'local_mean_mae_gray': 1.0656719207763672, 'feature_relative_mae': 0.08140042424201965, 'train_roi_holdout': {'phase_mae_gray': 0.920085608959198, 'temporal_mae_gray': 0.30941280722618103, 'local_mean_mae_gray': 0.4264987111091614, 'feature_relative_mae': 0.05853968858718872}, 'elapsed_s': 22.67836080212146}
TRAIN ordinary 2 {'step': 8000, 'loss': 7.334354877471924, 'phase_mae_gray': 1.7364431619644165, 'temporal_mae_gray': 0.48261258006095886, 'local_mean_mae_gray': 0.8069601058959961, 'feature_relative_mae': 0.07586617022752762, 'train_roi_holdout': {'phase_mae_gray': 0.9241156578063965, 'temporal_mae_gray': 0.309979110956192, 'local_mean_mae_gray': 0.4099836051464081, 'feature_relative_mae': 0.059153445065021515}, 'elapsed_s': 26.07430469011888}
TRAIN ordinary 2 {'step': 9000, 'loss': 6.557692527770996, 'phase_mae_gray': 1.5909628868103027, 'temporal_mae_gray': 0.38177523016929626, 'local_mean_mae_gray': 0.8863009214401245, 'feature_relative_mae': 0.07178597152233124, 'train_roi_holdout': {'phase_mae_gray': 0.9392240047454834, 'temporal_mae_gray': 0.30452027916908264, 'local_mean_mae_gray': 0.46761566400527954, 'feature_relative_mae': 0.058841053396463394}, 'elapsed_s': 29.74325858708471}
TRAIN ordinary 2 {'step': 10000, 'loss': 4.423588752746582, 'phase_mae_gray': 1.1660864353179932, 'temporal_mae_gray': 0.31745538115501404, 'local_mean_mae_gray': 0.477105051279068, 'feature_relative_mae': 0.06380677968263626, 'train_roi_holdout': {'phase_mae_gray': 0.9145495295524597, 'temporal_mae_gray': 0.3049740195274353, 'local_mean_mae_gray': 0.4197181463241577, 'feature_relative_mae': 0.05918411538004875}, 'elapsed_s': 33.703958658035845}
TRAIN ordinary 2 {'step': 11000, 'loss': 3.719625234603882, 'phase_mae_gray': 0.8931508660316467, 'temporal_mae_gray': 0.3093043863773346, 'local_mean_mae_gray': 0.4283122420310974, 'feature_relative_mae': 0.061855677515268326, 'train_roi_holdout': {'phase_mae_gray': 0.9327780604362488, 'temporal_mae_gray': 0.3062419295310974, 'local_mean_mae_gray': 0.4620148539543152, 'feature_relative_mae': 0.058810532093048096}, 'elapsed_s': 37.60747972410172}
TRAIN ordinary 2 {'step': 12000, 'loss': 8.759015083312988, 'phase_mae_gray': 2.2397093772888184, 'temporal_mae_gray': 0.21198180317878723, 'local_mean_mae_gray': 0.9687678813934326, 'feature_relative_mae': 0.09375663101673126, 'train_roi_holdout': {'phase_mae_gray': 0.9158999919891357, 'temporal_mae_gray': 0.30534815788269043, 'local_mean_mae_gray': 0.41407984495162964, 'feature_relative_mae': 0.05920710414648056}, 'elapsed_s': 40.82394215511158}
TRAIN ordinary 2 {'step': 13000, 'loss': 4.857373237609863, 'phase_mae_gray': 1.1863512992858887, 'temporal_mae_gray': 0.43092483282089233, 'local_mean_mae_gray': 0.46575748920440674, 'feature_relative_mae': 0.06244592368602753, 'train_roi_holdout': {'phase_mae_gray': 0.9470542669296265, 'temporal_mae_gray': 0.30492767691612244, 'local_mean_mae_gray': 0.488851398229599, 'feature_relative_mae': 0.059175875037908554}, 'elapsed_s': 44.2223863331601}
TRAIN ordinary 2 {'step': 14000, 'loss': 4.608304023742676, 'phase_mae_gray': 1.1344753503799438, 'temporal_mae_gray': 0.3677690625190735, 'local_mean_mae_gray': 0.5607290267944336, 'feature_relative_mae': 0.057670123875141144, 'train_roi_holdout': {'phase_mae_gray': 0.9080487489700317, 'temporal_mae_gray': 0.30344265699386597, 'local_mean_mae_gray': 0.40547141432762146, 'feature_relative_mae': 0.05932687222957611}, 'elapsed_s': 47.59470377210528}
TRAIN ordinary 2 {'step': 15000, 'loss': 3.4310173988342285, 'phase_mae_gray': 0.8626795411109924, 'temporal_mae_gray': 0.2953786551952362, 'local_mean_mae_gray': 0.362542062997818, 'feature_relative_mae': 0.057272281497716904, 'train_roi_holdout': {'phase_mae_gray': 0.9093430638313293, 'temporal_mae_gray': 0.30245038866996765, 'local_mean_mae_gray': 0.4061257541179657, 'feature_relative_mae': 0.059364110231399536}, 'elapsed_s': 51.02169262431562}
TRAIN ordinary 2 {'step': 16000, 'loss': 2.642390727996826, 'phase_mae_gray': 0.5832820534706116, 'temporal_mae_gray': 0.25466838479042053, 'local_mean_mae_gray': 0.34216853976249695, 'feature_relative_mae': 0.056193433701992035, 'train_roi_holdout': {'phase_mae_gray': 0.9106455445289612, 'temporal_mae_gray': 0.30370453000068665, 'local_mean_mae_gray': 0.4033518135547638, 'feature_relative_mae': 0.059288427233695984}, 'elapsed_s': 54.9659756841138}
TRAIN ordinary 2 {'step': 17000, 'loss': 3.8565542697906494, 'phase_mae_gray': 0.9603935480117798, 'temporal_mae_gray': 0.32086896896362305, 'local_mean_mae_gray': 0.4207826852798462, 'feature_relative_mae': 0.059087082743644714, 'train_roi_holdout': {'phase_mae_gray': 0.9066962599754333, 'temporal_mae_gray': 0.29917654395103455, 'local_mean_mae_gray': 0.4176379442214966, 'feature_relative_mae': 0.05937108024954796}, 'elapsed_s': 58.9101733751595}
TRAIN ordinary 2 {'step': 18000, 'loss': 5.40100622177124, 'phase_mae_gray': 1.287231683731079, 'temporal_mae_gray': 0.4263363182544708, 'local_mean_mae_gray': 0.611960232257843, 'feature_relative_mae': 0.06876561045646667, 'train_roi_holdout': {'phase_mae_gray': 0.9049233198165894, 'temporal_mae_gray': 0.3025747835636139, 'local_mean_mae_gray': 0.3953225314617157, 'feature_relative_mae': 0.05948468670248985}, 'elapsed_s': 62.84190034028143}
TRAIN ordinary 2 {'step': 19000, 'loss': 4.82013463973999, 'phase_mae_gray': 1.2051719427108765, 'temporal_mae_gray': 0.31193485856056213, 'local_mean_mae_gray': 0.6502072215080261, 'feature_relative_mae': 0.06451782584190369, 'train_roi_holdout': {'phase_mae_gray': 0.9184753894805908, 'temporal_mae_gray': 0.30161961913108826, 'local_mean_mae_gray': 0.4346737861633301, 'feature_relative_mae': 0.05964425206184387}, 'elapsed_s': 66.74817949626595}
TRAIN ordinary 2 {'step': 20000, 'loss': 6.771668434143066, 'phase_mae_gray': 1.7764054536819458, 'temporal_mae_gray': 0.39046257734298706, 'local_mean_mae_gray': 0.6210770010948181, 'feature_relative_mae': 0.08942052721977234, 'train_roi_holdout': {'phase_mae_gray': 0.9090924263000488, 'temporal_mae_gray': 0.3022361397743225, 'local_mean_mae_gray': 0.4082756042480469, 'feature_relative_mae': 0.05970621481537819}, 'elapsed_s': 70.2356214011088}
TRAIN ordinary 2 {'step': 21000, 'loss': 7.046570301055908, 'phase_mae_gray': 1.664825201034546, 'temporal_mae_gray': 0.4166688024997711, 'local_mean_mae_gray': 0.9593769907951355, 'feature_relative_mae': 0.07488848268985748, 'train_roi_holdout': {'phase_mae_gray': 0.9042760729789734, 'temporal_mae_gray': 0.3026118874549866, 'local_mean_mae_gray': 0.3952924907207489, 'feature_relative_mae': 0.05975012853741646}, 'elapsed_s': 73.73081917222589}
TRAIN ordinary 2 {'step': 22000, 'loss': 4.232256889343262, 'phase_mae_gray': 1.102291226387024, 'temporal_mae_gray': 0.2843400239944458, 'local_mean_mae_gray': 0.5284853577613831, 'feature_relative_mae': 0.06603290140628815, 'train_roi_holdout': {'phase_mae_gray': 0.9015248417854309, 'temporal_mae_gray': 0.30167078971862793, 'local_mean_mae_gray': 0.39393922686576843, 'feature_relative_mae': 0.059653930366039276}, 'elapsed_s': 77.50136938504875}
TRAIN ordinary 2 {'step': 23000, 'loss': 5.726078033447266, 'phase_mae_gray': 1.43217933177948, 'temporal_mae_gray': 0.4226316809654236, 'local_mean_mae_gray': 0.47090470790863037, 'feature_relative_mae': 0.0812191441655159, 'train_roi_holdout': {'phase_mae_gray': 0.9026394486427307, 'temporal_mae_gray': 0.3019205331802368, 'local_mean_mae_gray': 0.3935372829437256, 'feature_relative_mae': 0.05957736819982529}, 'elapsed_s': 80.92566080531105}
TRAIN ordinary 2 {'step': 24000, 'loss': 6.2857346534729, 'phase_mae_gray': 1.5341918468475342, 'temporal_mae_gray': 0.4043942391872406, 'local_mean_mae_gray': 0.7890423536300659, 'feature_relative_mae': 0.07779377698898315, 'train_roi_holdout': {'phase_mae_gray': 0.8994030952453613, 'temporal_mae_gray': 0.30017009377479553, 'local_mean_mae_gray': 0.3950234353542328, 'feature_relative_mae': 0.059542443603277206}, 'elapsed_s': 83.86039125313982}
COMPLETE ordinary 2
