CACHE special 0
CACHE special 3
CACHE special 7
CACHE special 11
CACHE special 15
CACHE special 19
CACHE special 23
CACHE special 26
CACHE special 30
CACHE special 34
CACHE special 38
CACHE special 42
CACHE special 46
CACHE special 49
CACHE special 53
CACHE special 57
CACHE special 61
CACHE special 65
CACHE special 69
CACHE special 72
CACHE special 76
CACHE special 80
CACHE special 84
CACHE special 88
CACHE special 92
CACHE special 95
CACHE special 99
CACHE special 103
CACHE special 107
CACHE special 111
CACHE special 115
CACHE special 119
/data/zhangbenzhuang/miniconda3/envs/test/lib/python3.10/site-packages/torch/optim/lr_scheduler.py:182: UserWarning: Detected call of `lr_scheduler.step()` before `optimizer.step()`. In PyTorch 1.1.0 and later, you should call them in the opposite order: `optimizer.step()` before `lr_scheduler.step()`.  Failure to do this will result in PyTorch skipping the first value of the learning rate schedule. See more details at https://pytorch.org/docs/stable/optim.html#how-to-adjust-learning-rate
  warnings.warn(
TRAIN special 3 {'step': 1000, 'loss': 2.85353684425354, 'phase_mae_gray': 0.6337423324584961, 'temporal_mae_gray': 0.32551687955856323, 'local_mean_mae_gray': 0.2263379991054535, 'feature_relative_mae': 0.02338201366364956, 'train_roi_holdout': {'phase_mae_gray': 0.6560726761817932, 'temporal_mae_gray': 0.2665866017341614, 'local_mean_mae_gray': 0.30036166310310364, 'feature_relative_mae': 0.023947477340698242}, 'elapsed_s': 3.1957458122633398}
TRAIN special 3 {'step': 2000, 'loss': 2.7911322116851807, 'phase_mae_gray': 0.6919229030609131, 'temporal_mae_gray': 0.2291291207075119, 'local_mean_mae_gray': 0.339053213596344, 'feature_relative_mae': 0.024475429207086563, 'train_roi_holdout': {'phase_mae_gray': 0.8158116340637207, 'temporal_mae_gray': 0.26522722840309143, 'local_mean_mae_gray': 0.5571116805076599, 'feature_relative_mae': 0.02446746826171875}, 'elapsed_s': 6.159022583160549}
TRAIN special 3 {'step': 3000, 'loss': 2.5481972694396973, 'phase_mae_gray': 0.6227133274078369, 'temporal_mae_gray': 0.24434681236743927, 'local_mean_mae_gray': 0.24251532554626465, 'feature_relative_mae': 0.025658607482910156, 'train_roi_holdout': {'phase_mae_gray': 0.6384497284889221, 'temporal_mae_gray': 0.26292598247528076, 'local_mean_mae_gray': 0.27080947160720825, 'feature_relative_mae': 0.025299400091171265}, 'elapsed_s': 9.262405012268573}
TRAIN special 3 {'step': 4000, 'loss': 4.460609436035156, 'phase_mae_gray': 0.931858479976654, 'temporal_mae_gray': 0.31664255261421204, 'local_mean_mae_gray': 0.8228313326835632, 'feature_relative_mae': 0.026183946058154106, 'train_roi_holdout': {'phase_mae_gray': 0.723796010017395, 'temporal_mae_gray': 0.26080572605133057, 'local_mean_mae_gray': 0.4407587945461273, 'feature_relative_mae': 0.025443466380238533}, 'elapsed_s': 12.465226259082556}
TRAIN special 3 {'step': 5000, 'loss': 2.3746213912963867, 'phase_mae_gray': 0.5343852043151855, 'temporal_mae_gray': 0.12509627640247345, 'local_mean_mae_gray': 0.3679223358631134, 'feature_relative_mae': 0.02451431006193161, 'train_roi_holdout': {'phase_mae_gray': 0.6368054151535034, 'temporal_mae_gray': 0.2593996524810791, 'local_mean_mae_gray': 0.27210286259651184, 'feature_relative_mae': 0.025409653782844543}, 'elapsed_s': 16.53544839285314}
TRAIN special 3 {'step': 6000, 'loss': 2.631331443786621, 'phase_mae_gray': 0.5900489687919617, 'temporal_mae_gray': 0.27495571970939636, 'local_mean_mae_gray': 0.26234111189842224, 'feature_relative_mae': 0.024428805336356163, 'train_roi_holdout': {'phase_mae_gray': 0.6167605519294739, 'temporal_mae_gray': 0.2596464455127716, 'local_mean_mae_gray': 0.23139144480228424, 'feature_relative_mae': 0.02510673552751541}, 'elapsed_s': 20.628275454975665}
TRAIN special 3 {'step': 7000, 'loss': 5.711130142211914, 'phase_mae_gray': 1.229573130607605, 'temporal_mae_gray': 0.334565132856369, 'local_mean_mae_gray': 1.177642583847046, 'feature_relative_mae': 0.02774348482489586, 'train_roi_holdout': {'phase_mae_gray': 0.6546599268913269, 'temporal_mae_gray': 0.2594083249568939, 'local_mean_mae_gray': 0.2964376211166382, 'feature_relative_mae': 0.025767343118786812}, 'elapsed_s': 24.55100591899827}
TRAIN special 3 {'step': 8000, 'loss': 2.758998155593872, 'phase_mae_gray': 0.6335579752922058, 'temporal_mae_gray': 0.24501103162765503, 'local_mean_mae_gray': 0.34908831119537354, 'feature_relative_mae': 0.025500671938061714, 'train_roi_holdout': {'phase_mae_gray': 0.6246362924575806, 'temporal_mae_gray': 0.25487494468688965, 'local_mean_mae_gray': 0.25996753573417664, 'feature_relative_mae': 0.024330852553248405}, 'elapsed_s': 27.550098883919418}
TRAIN special 3 {'step': 9000, 'loss': 3.2052292823791504, 'phase_mae_gray': 0.7061083316802979, 'temporal_mae_gray': 0.2793786823749542, 'local_mean_mae_gray': 0.4542503356933594, 'feature_relative_mae': 0.02532590739428997, 'train_roi_holdout': {'phase_mae_gray': 0.602512776851654, 'temporal_mae_gray': 0.2561171352863312, 'local_mean_mae_gray': 0.22615715861320496, 'feature_relative_mae': 0.0246148481965065}, 'elapsed_s': 30.561446961946785}
TRAIN special 3 {'step': 10000, 'loss': 2.877636671066284, 'phase_mae_gray': 0.6583402156829834, 'temporal_mae_gray': 0.3105681240558624, 'local_mean_mae_gray': 0.23674343526363373, 'feature_relative_mae': 0.024828597903251648, 'train_roi_holdout': {'phase_mae_gray': 0.6267046928405762, 'temporal_mae_gray': 0.25524890422821045, 'local_mean_mae_gray': 0.2845558226108551, 'feature_relative_mae': 0.025379134342074394}, 'elapsed_s': 33.57920853095129}
TRAIN special 3 {'step': 11000, 'loss': 2.660282850265503, 'phase_mae_gray': 0.6287903189659119, 'temporal_mae_gray': 0.26454201340675354, 'local_mean_mae_gray': 0.2634771168231964, 'feature_relative_mae': 0.0250839963555336, 'train_roi_holdout': {'phase_mae_gray': 0.63493812084198, 'temporal_mae_gray': 0.2547217309474945, 'local_mean_mae_gray': 0.2834402620792389, 'feature_relative_mae': 0.025685515254735947}, 'elapsed_s': 36.84314455091953}
TRAIN special 3 {'step': 12000, 'loss': 1.7579360008239746, 'phase_mae_gray': 0.45934611558914185, 'temporal_mae_gray': 0.1018756628036499, 'local_mean_mae_gray': 0.18110166490077972, 'feature_relative_mae': 0.02250012569129467, 'train_roi_holdout': {'phase_mae_gray': 0.6097770929336548, 'temporal_mae_gray': 0.2550051212310791, 'local_mean_mae_gray': 0.2304316908121109, 'feature_relative_mae': 0.025179024785757065}, 'elapsed_s': 40.35105238016695}
TRAIN special 3 {'step': 13000, 'loss': 2.75211763381958, 'phase_mae_gray': 0.6156796813011169, 'temporal_mae_gray': 0.24165228009223938, 'local_mean_mae_gray': 0.3782670795917511, 'feature_relative_mae': 0.02334856614470482, 'train_roi_holdout': {'phase_mae_gray': 0.6415467858314514, 'temporal_mae_gray': 0.25353556871414185, 'local_mean_mae_gray': 0.30938324332237244, 'feature_relative_mae': 0.024649325758218765}, 'elapsed_s': 44.1749932509847}
TRAIN special 3 {'step': 14000, 'loss': 2.498955488204956, 'phase_mae_gray': 0.6245575547218323, 'temporal_mae_gray': 0.23301775753498077, 'local_mean_mae_gray': 0.23991917073726654, 'feature_relative_mae': 0.02384849265217781, 'train_roi_holdout': {'phase_mae_gray': 0.5969263315200806, 'temporal_mae_gray': 0.2524300515651703, 'local_mean_mae_gray': 0.22198288142681122, 'feature_relative_mae': 0.025075258687138557}, 'elapsed_s': 47.71784183010459}
TRAIN special 3 {'step': 15000, 'loss': 2.5392823219299316, 'phase_mae_gray': 0.5958496332168579, 'temporal_mae_gray': 0.26689648628234863, 'local_mean_mae_gray': 0.20469580590724945, 'feature_relative_mae': 0.02598341926932335, 'train_roi_holdout': {'phase_mae_gray': 0.5940070152282715, 'temporal_mae_gray': 0.251433789730072, 'local_mean_mae_gray': 0.2241949886083603, 'feature_relative_mae': 0.024854298681020737}, 'elapsed_s': 50.72488849190995}
TRAIN special 3 {'step': 16000, 'loss': 2.456725597381592, 'phase_mae_gray': 0.607419490814209, 'temporal_mae_gray': 0.2476365715265274, 'local_mean_mae_gray': 0.19767147302627563, 'feature_relative_mae': 0.025282999500632286, 'train_roi_holdout': {'phase_mae_gray': 0.5880655646324158, 'temporal_mae_gray': 0.2508733570575714, 'local_mean_mae_gray': 0.20800729095935822, 'feature_relative_mae': 0.025020701810717583}, 'elapsed_s': 53.72425908502191}
TRAIN special 3 {'step': 17000, 'loss': 2.517116069793701, 'phase_mae_gray': 0.6351537704467773, 'temporal_mae_gray': 0.2324853092432022, 'local_mean_mae_gray': 0.2284141331911087, 'feature_relative_mae': 0.025611579418182373, 'train_roi_holdout': {'phase_mae_gray': 0.6304641366004944, 'temporal_mae_gray': 0.25142207741737366, 'local_mean_mae_gray': 0.2972278296947479, 'feature_relative_mae': 0.025515172630548477}, 'elapsed_s': 57.10751492716372}
TRAIN special 3 {'step': 18000, 'loss': 2.412926197052002, 'phase_mae_gray': 0.5355585217475891, 'temporal_mae_gray': 0.25047171115875244, 'local_mean_mae_gray': 0.263846218585968, 'feature_relative_mae': 0.023897461593151093, 'train_roi_holdout': {'phase_mae_gray': 0.6280440092086792, 'temporal_mae_gray': 0.25207599997520447, 'local_mean_mae_gray': 0.27648746967315674, 'feature_relative_mae': 0.025579867884516716}, 'elapsed_s': 60.17882759217173}
TRAIN special 3 {'step': 19000, 'loss': 2.1468238830566406, 'phase_mae_gray': 0.4570571780204773, 'temporal_mae_gray': 0.2539466619491577, 'local_mean_mae_gray': 0.18122757971286774, 'feature_relative_mae': 0.021796541288495064, 'train_roi_holdout': {'phase_mae_gray': 0.5879927277565002, 'temporal_mae_gray': 0.25035831332206726, 'local_mean_mae_gray': 0.20807857811450958, 'feature_relative_mae': 0.02521834895014763}, 'elapsed_s': 63.16439207922667}
TRAIN special 3 {'step': 20000, 'loss': 2.100641965866089, 'phase_mae_gray': 0.5410220623016357, 'temporal_mae_gray': 0.20267243683338165, 'local_mean_mae_gray': 0.18566066026687622, 'feature_relative_mae': 0.02416371740400791, 'train_roi_holdout': {'phase_mae_gray': 0.5977742671966553, 'temporal_mae_gray': 0.2511634826660156, 'local_mean_mae_gray': 0.2247532457113266, 'feature_relative_mae': 0.0254752729088068}, 'elapsed_s': 66.40368913905695}
TRAIN special 3 {'step': 21000, 'loss': 3.5596017837524414, 'phase_mae_gray': 0.702671229839325, 'temporal_mae_gray': 0.35911598801612854, 'local_mean_mae_gray': 0.4778541326522827, 'feature_relative_mae': 0.025400348007678986, 'train_roi_holdout': {'phase_mae_gray': 0.5988233089447021, 'temporal_mae_gray': 0.2512325942516327, 'local_mean_mae_gray': 0.23744875192642212, 'feature_relative_mae': 0.02525082416832447}, 'elapsed_s': 70.31514888210222}
TRAIN special 3 {'step': 22000, 'loss': 1.8966232538223267, 'phase_mae_gray': 0.45702308416366577, 'temporal_mae_gray': 0.19069154560565948, 'local_mean_mae_gray': 0.1827128827571869, 'feature_relative_mae': 0.024540390819311142, 'train_roi_holdout': {'phase_mae_gray': 0.5866870284080505, 'temporal_mae_gray': 0.2516784965991974, 'local_mean_mae_gray': 0.1993957757949829, 'feature_relative_mae': 0.02526160515844822}, 'elapsed_s': 74.18170902412385}
TRAIN special 3 {'step': 23000, 'loss': 2.177994966506958, 'phase_mae_gray': 0.5453965663909912, 'temporal_mae_gray': 0.236018106341362, 'local_mean_mae_gray': 0.14354215562343597, 'feature_relative_mae': 0.02542784996330738, 'train_roi_holdout': {'phase_mae_gray': 0.5940506458282471, 'temporal_mae_gray': 0.2511340081691742, 'local_mean_mae_gray': 0.2131035178899765, 'feature_relative_mae': 0.025510568171739578}, 'elapsed_s': 77.93102484801784}
TRAIN special 3 {'step': 24000, 'loss': 2.7309348583221436, 'phase_mae_gray': 0.5730223655700684, 'temporal_mae_gray': 0.2823878526687622, 'local_mean_mae_gray': 0.32983583211898804, 'feature_relative_mae': 0.0237509123980999, 'train_roi_holdout': {'phase_mae_gray': 0.5875785946846008, 'temporal_mae_gray': 0.2512304186820984, 'local_mean_mae_gray': 0.2009880691766739, 'feature_relative_mae': 0.0251530222594738}, 'elapsed_s': 81.56453841691837}
COMPLETE special 3
TRAIN special 2 {'step': 1000, 'loss': 4.8745269775390625, 'phase_mae_gray': 1.1807565689086914, 'temporal_mae_gray': 0.43593043088912964, 'local_mean_mae_gray': 0.46653541922569275, 'feature_relative_mae': 0.09974254667758942, 'train_roi_holdout': {'phase_mae_gray': 1.364122986793518, 'temporal_mae_gray': 0.37539607286453247, 'local_mean_mae_gray': 0.7157971262931824, 'feature_relative_mae': 0.1062789112329483}, 'elapsed_s': 2.9194239671342075}
TRAIN special 2 {'step': 2000, 'loss': 4.568623065948486, 'phase_mae_gray': 1.1929138898849487, 'temporal_mae_gray': 0.3317255675792694, 'local_mean_mae_gray': 0.4862300157546997, 'feature_relative_mae': 0.10155496001243591, 'train_roi_holdout': {'phase_mae_gray': 1.308129906654358, 'temporal_mae_gray': 0.37771084904670715, 'local_mean_mae_gray': 0.5875487923622131, 'feature_relative_mae': 0.10794976353645325}, 'elapsed_s': 5.823170810006559}
TRAIN special 2 {'step': 3000, 'loss': 4.658496856689453, 'phase_mae_gray': 1.2105787992477417, 'temporal_mae_gray': 0.3446403741836548, 'local_mean_mae_gray': 0.4908411502838135, 'feature_relative_mae': 0.11422102898359299, 'train_roi_holdout': {'phase_mae_gray': 1.4070943593978882, 'temporal_mae_gray': 0.3769005835056305, 'local_mean_mae_gray': 0.7665954232215881, 'feature_relative_mae': 0.10868074744939804}, 'elapsed_s': 9.446135689038783}
TRAIN special 2 {'step': 4000, 'loss': 7.219609260559082, 'phase_mae_gray': 1.5781327486038208, 'temporal_mae_gray': 0.4423796236515045, 'local_mean_mae_gray': 1.207112431526184, 'feature_relative_mae': 0.10615617036819458, 'train_roi_holdout': {'phase_mae_gray': 1.319459080696106, 'temporal_mae_gray': 0.3684748411178589, 'local_mean_mae_gray': 0.6438165307044983, 'feature_relative_mae': 0.1083701103925705}, 'elapsed_s': 13.380252050235868}
TRAIN special 2 {'step': 5000, 'loss': 6.078758239746094, 'phase_mae_gray': 1.3822665214538574, 'temporal_mae_gray': 0.2500595152378082, 'local_mean_mae_gray': 1.003562092781067, 'feature_relative_mae': 0.10342487692832947, 'train_roi_holdout': {'phase_mae_gray': 1.258109450340271, 'temporal_mae_gray': 0.36556267738342285, 'local_mean_mae_gray': 0.5661501288414001, 'feature_relative_mae': 0.10535415261983871}, 'elapsed_s': 17.285170253831893}
TRAIN special 2 {'step': 6000, 'loss': 5.167760848999023, 'phase_mae_gray': 1.2273224592208862, 'temporal_mae_gray': 0.349374920129776, 'local_mean_mae_gray': 0.7361544966697693, 'feature_relative_mae': 0.11143459379673004, 'train_roi_holdout': {'phase_mae_gray': 1.260717511177063, 'temporal_mae_gray': 0.3676905333995819, 'local_mean_mae_gray': 0.5747848153114319, 'feature_relative_mae': 0.10883400589227676}, 'elapsed_s': 21.235334075056016}
TRAIN special 2 {'step': 7000, 'loss': 10.061800956726074, 'phase_mae_gray': 2.0916547775268555, 'temporal_mae_gray': 0.47621026635169983, 'local_mean_mae_gray': 2.063430070877075, 'feature_relative_mae': 0.10731647908687592, 'train_roi_holdout': {'phase_mae_gray': 1.306810975074768, 'temporal_mae_gray': 0.3646813929080963, 'local_mean_mae_gray': 0.6605680584907532, 'feature_relative_mae': 0.10884758085012436}, 'elapsed_s': 25.14975609490648}
TRAIN special 2 {'step': 8000, 'loss': 4.577380657196045, 'phase_mae_gray': 1.1314259767532349, 'temporal_mae_gray': 0.34777340292930603, 'local_mean_mae_gray': 0.5391030311584473, 'feature_relative_mae': 0.11189442873001099, 'train_roi_holdout': {'phase_mae_gray': 1.2477456331253052, 'temporal_mae_gray': 0.3610498905181885, 'local_mean_mae_gray': 0.5777018070220947, 'feature_relative_mae': 0.10422135144472122}, 'elapsed_s': 29.030346978921443}
TRAIN special 2 {'step': 9000, 'loss': 8.81876277923584, 'phase_mae_gray': 1.961823582649231, 'temporal_mae_gray': 0.39898622035980225, 'local_mean_mae_gray': 1.6555707454681396, 'feature_relative_mae': 0.11403821408748627, 'train_roi_holdout': {'phase_mae_gray': 1.28024423122406, 'temporal_mae_gray': 0.36894935369491577, 'local_mean_mae_gray': 0.5674577951431274, 'feature_relative_mae': 0.11085789650678635}, 'elapsed_s': 32.62339226203039}
TRAIN special 2 {'step': 10000, 'loss': 5.894277095794678, 'phase_mae_gray': 1.3434648513793945, 'temporal_mae_gray': 0.43827566504478455, 'local_mean_mae_gray': 0.778777539730072, 'feature_relative_mae': 0.09680525213479996, 'train_roi_holdout': {'phase_mae_gray': 1.2471957206726074, 'temporal_mae_gray': 0.3616327941417694, 'local_mean_mae_gray': 0.5646563768386841, 'feature_relative_mae': 0.10620416700839996}, 'elapsed_s': 35.74108448904008}
TRAIN special 2 {'step': 11000, 'loss': 3.945228338241577, 'phase_mae_gray': 1.0060111284255981, 'temporal_mae_gray': 0.3165563642978668, 'local_mean_mae_gray': 0.4089277684688568, 'feature_relative_mae': 0.1012522354722023, 'train_roi_holdout': {'phase_mae_gray': 1.2662262916564941, 'temporal_mae_gray': 0.3671509325504303, 'local_mean_mae_gray': 0.5511427521705627, 'feature_relative_mae': 0.10909578204154968}, 'elapsed_s': 38.66095379786566}
TRAIN special 2 {'step': 12000, 'loss': 4.147244453430176, 'phase_mae_gray': 1.0283712148666382, 'temporal_mae_gray': 0.21370138227939606, 'local_mean_mae_gray': 0.48318642377853394, 'feature_relative_mae': 0.11194219440221786, 'train_roi_holdout': {'phase_mae_gray': 1.2409827709197998, 'temporal_mae_gray': 0.36014777421951294, 'local_mean_mae_gray': 0.5522648096084595, 'feature_relative_mae': 0.10616979002952576}, 'elapsed_s': 42.13420275086537}
TRAIN special 2 {'step': 13000, 'loss': 4.164776802062988, 'phase_mae_gray': 1.0048127174377441, 'temporal_mae_gray': 0.3221108913421631, 'local_mean_mae_gray': 0.5315940976142883, 'feature_relative_mae': 0.11163194477558136, 'train_roi_holdout': {'phase_mae_gray': 1.250393033027649, 'temporal_mae_gray': 0.36467549204826355, 'local_mean_mae_gray': 0.5370385646820068, 'feature_relative_mae': 0.10922035574913025}, 'elapsed_s': 46.062066786922514}
TRAIN special 2 {'step': 14000, 'loss': 6.204361438751221, 'phase_mae_gray': 1.5630229711532593, 'temporal_mae_gray': 0.3530511260032654, 'local_mean_mae_gray': 0.8762730956077576, 'feature_relative_mae': 0.09892920404672623, 'train_roi_holdout': {'phase_mae_gray': 1.2438583374023438, 'temporal_mae_gray': 0.35994255542755127, 'local_mean_mae_gray': 0.5467470288276672, 'feature_relative_mae': 0.10671292990446091}, 'elapsed_s': 49.9566231998615}
TRAIN special 2 {'step': 15000, 'loss': 4.183438777923584, 'phase_mae_gray': 1.040847659111023, 'temporal_mae_gray': 0.31914493441581726, 'local_mean_mae_gray': 0.4338614046573639, 'feature_relative_mae': 0.09988605231046677, 'train_roi_holdout': {'phase_mae_gray': 1.2192529439926147, 'temporal_mae_gray': 0.3604748249053955, 'local_mean_mae_gray': 0.5202134847640991, 'feature_relative_mae': 0.10636220872402191}, 'elapsed_s': 53.65160224819556}
TRAIN special 2 {'step': 16000, 'loss': 4.377600193023682, 'phase_mae_gray': 1.112869381904602, 'temporal_mae_gray': 0.33458295464515686, 'local_mean_mae_gray': 0.46545976400375366, 'feature_relative_mae': 0.10792473703622818, 'train_roi_holdout': {'phase_mae_gray': 1.2358282804489136, 'temporal_mae_gray': 0.35928457975387573, 'local_mean_mae_gray': 0.5406627655029297, 'feature_relative_mae': 0.10608329623937607}, 'elapsed_s': 57.059076237957925}
TRAIN special 2 {'step': 17000, 'loss': 5.490270137786865, 'phase_mae_gray': 1.3903557062149048, 'temporal_mae_gray': 0.35538795590400696, 'local_mean_mae_gray': 0.6482186317443848, 'feature_relative_mae': 0.10251392424106598, 'train_roi_holdout': {'phase_mae_gray': 1.261714220046997, 'temporal_mae_gray': 0.3607848286628723, 'local_mean_mae_gray': 0.5767765045166016, 'feature_relative_mae': 0.10849674791097641}, 'elapsed_s': 60.008967253845185}
TRAIN special 2 {'step': 18000, 'loss': 6.002850532531738, 'phase_mae_gray': 1.3679234981536865, 'temporal_mae_gray': 0.3770289719104767, 'local_mean_mae_gray': 0.9878348112106323, 'feature_relative_mae': 0.10640852898359299, 'train_roi_holdout': {'phase_mae_gray': 1.2389230728149414, 'temporal_mae_gray': 0.36020180583000183, 'local_mean_mae_gray': 0.5544244647026062, 'feature_relative_mae': 0.10720573365688324}, 'elapsed_s': 62.951701287180185}
TRAIN special 2 {'step': 19000, 'loss': 3.903423309326172, 'phase_mae_gray': 0.8750003576278687, 'temporal_mae_gray': 0.34429895877838135, 'local_mean_mae_gray': 0.5066582560539246, 'feature_relative_mae': 0.10532441735267639, 'train_roi_holdout': {'phase_mae_gray': 1.2472549676895142, 'temporal_mae_gray': 0.3605738878250122, 'local_mean_mae_gray': 0.5604082345962524, 'feature_relative_mae': 0.10792852193117142}, 'elapsed_s': 65.91238074097782}
TRAIN special 2 {'step': 20000, 'loss': 4.137728214263916, 'phase_mae_gray': 1.083458423614502, 'temporal_mae_gray': 0.31274452805519104, 'local_mean_mae_gray': 0.4379112422466278, 'feature_relative_mae': 0.11296005547046661, 'train_roi_holdout': {'phase_mae_gray': 1.2418214082717896, 'temporal_mae_gray': 0.36173179745674133, 'local_mean_mae_gray': 0.5376778841018677, 'feature_relative_mae': 0.10824624449014664}, 'elapsed_s': 68.85703976405784}
TRAIN special 2 {'step': 21000, 'loss': 6.0474724769592285, 'phase_mae_gray': 1.254758358001709, 'temporal_mae_gray': 0.3690672814846039, 'local_mean_mae_gray': 1.1267504692077637, 'feature_relative_mae': 0.10563627630472183, 'train_roi_holdout': {'phase_mae_gray': 1.2502732276916504, 'temporal_mae_gray': 0.3602769076824188, 'local_mean_mae_gray': 0.5637720227241516, 'feature_relative_mae': 0.10778788477182388}, 'elapsed_s': 72.19741291506216}
TRAIN special 2 {'step': 22000, 'loss': 3.9786908626556396, 'phase_mae_gray': 0.991010844707489, 'temporal_mae_gray': 0.30504310131073, 'local_mean_mae_gray': 0.4561242461204529, 'feature_relative_mae': 0.11752397567033768, 'train_roi_holdout': {'phase_mae_gray': 1.2598408460617065, 'temporal_mae_gray': 0.36084845662117004, 'local_mean_mae_gray': 0.5750942230224609, 'feature_relative_mae': 0.10832461714744568}, 'elapsed_s': 75.97666640486568}
TRAIN special 2 {'step': 23000, 'loss': 4.06961727142334, 'phase_mae_gray': 1.085229516029358, 'temporal_mae_gray': 0.29395249485969543, 'local_mean_mae_gray': 0.4457497298717499, 'feature_relative_mae': 0.11189813911914825, 'train_roi_holdout': {'phase_mae_gray': 1.2655390501022339, 'temporal_mae_gray': 0.3601813018321991, 'local_mean_mae_gray': 0.5915654301643372, 'feature_relative_mae': 0.10867370665073395}, 'elapsed_s': 79.89135997695848}
TRAIN special 2 {'step': 24000, 'loss': 7.777189254760742, 'phase_mae_gray': 1.6589455604553223, 'temporal_mae_gray': 0.43418192863464355, 'local_mean_mae_gray': 1.416702151298523, 'feature_relative_mae': 0.10257607698440552, 'train_roi_holdout': {'phase_mae_gray': 1.263427734375, 'temporal_mae_gray': 0.3587144911289215, 'local_mean_mae_gray': 0.5912912487983704, 'feature_relative_mae': 0.10768242925405502}, 'elapsed_s': 83.77093335520476}
COMPLETE special 2
