PROBE preserved_temporal_point
PROBE preserved_first6
PROBE preserved_first7
PROBE preserved_last3
PROBE gt_fused_projection
PROBE split_reference_embed
PROBE split_reference_phase
PROBE split_reference_resize16
PROBE quarter_two2_deconv
PROBE quarter_two2_cascade
PROBE preserved_temporal_point
PROBE preserved_first6
PROBE preserved_first7
PROBE preserved_last3
PROBE gt_fused_projection
PROBE split_reference_embed
PROBE split_reference_phase
PROBE split_reference_resize16
PROBE quarter_two2_deconv
PROBE quarter_two2_cascade
