REFERENCE ordinary combo_input9_half_aligned16_nearest
REFERENCE ordinary combo_stats3_relu32_aligned16_half_output_fixed
REFERENCE ordinary body3_quantsearch
REFERENCE ordinary cal_front3x1_trained_native4_alignpixel
REFERENCE ordinary cal_front3x3_trained_native4_alignpixel
REFERENCE ordinary cal_front3x1_trained_body3_native4_alignpixel
REFERENCE ordinary cal_front3x1_trained_body2_native4_alignpixel
REFERENCE ordinary cal_front3x1_trained_body2_native4_alignpixel_outdeconv
REFERENCE ordinary cal_front3x1_trained_body2_native4_alignpixel_outcascade
REFERENCE ordinary cal_front3x1_trained_body2_native4_alignpixel_layout16
REFERENCE ordinary cal_front3x1_trained_body2_native4_alignpixel_layout5
REFERENCE ordinary cal_front3x1_trained_body2_native4_alignpixel_f32io
REFERENCE ordinary cal_front3x1_trained_body2_native4_alignpixel_f32in
REFERENCE ordinary cal_front3x1_trained_body2_native4_alignpixel_f32out
REFERENCE ordinary cal_front3x1_trained_body2_native4_alignpixel_refpad16
REFERENCE ordinary cal_front3x1_trained_body2_native4_alignpixel_meanfirst
REFERENCE ordinary cal_front3x1_trained_body2_native4_alignpixel_refpad16_meanfirst
REFERENCE ordinary cal_front3x1_trained_body2_native4_alignpixel_refpad16_meanfirst_block16_full
REFERENCE ordinary cal_front3x1_trained_body2_native4_alignpixel_refpad16_meanfirst_block16_split_full
REFERENCE ordinary cal_front3x1_trained_body2_native4_alignpixel_refpad16_meanfirst_block16
REFERENCE ordinary cal_front3x1_trained_body2_native4_alignpixel_refpad16_meanfirst_block16_f32io
REFERENCE ordinary cal_front3x1_trained_body2_native4_alignpixel_refpad16_meanfirst_block16_full_f32io
REFERENCE ordinary quarter_w32_3x3_body1_stage1_fusedtail
REFERENCE ordinary quarter_w32_3x3_body1_qat_w8allpo
REFERENCE ordinary quarter_w32_3x3_body1_qat_w8allpo_fusedtail
REFERENCE ordinary cal_graph_quarter_w32_3x3_body1_qat_w8allpo_fusedtail
REFERENCE ordinary quarter_w32_3x3_body1
REFERENCE ordinary quarter_w32_3x3_body1_stage1_fusedtail_outdeconv
REFERENCE ordinary quarter_w32_3x3_body1_stage1_fusedtail_outcascade
REFERENCE ordinary quarter_w32_3x3_body1_stage1_refpad16_meanfirst_fusedtail
REFERENCE ordinary quarter_w32_3x3_body1_stage1_layout16_fusedtail
REFERENCE ordinary quarter_w32_3x3_body1_stage1_layout5_fusedtail
REFERENCE ordinary quarter_w32_3x3_body1_stage1_fusedtail_f32io
REFERENCE ordinary quarter_w32_3x3_body1_stage1_fusedtail_block16
REFERENCE ordinary quarter_w32_3x3_body1_stage1_fusedtail_block16_full
REFERENCE ordinary quarter_w32_3x3_body1_stage1_fusedtail_block16_split_full
REFERENCE ordinary cal_front3x1_trained_body3_native4_alignpixel_outdeconv
REFERENCE ordinary cal_front3x1_trained_body3_native4_alignpixel_outcascade
REFERENCE ordinary cal_front3x1_trained_body3_native4_alignpixel_f32io
REFERENCE ordinary cal_front3x1_trained_body3_native4_alignpixel_layout16
REFERENCE ordinary cal_front3x1_trained_body3_native4_alignpixel_layout5
REFERENCE ordinary cal_front3x1_trained_body3_native4_alignpixel_refpad16_meanfirst
