EXPORTED ordinary_cal_preserve_mean6_body3_native4_alignpixel_small.onnx
EXPORTED ordinary_cal_preserve_mean6_body3_native4_alignpixel.onnx
EXPORTED ordinary_cal_preserve_sum6_body3_native4_alignpixel_small.onnx
EXPORTED ordinary_cal_preserve_sum6_body3_native4_alignpixel.onnx
EXPORTED ordinary_preserve_raw6_body3_native4_alignpixel_small.onnx
EXPORTED ordinary_preserve_raw6_body3_native4_alignpixel.onnx
EXPORTED ordinary_preserve_mean6_body3_small.onnx
EXPORTED ordinary_preserve_mean6_body3.onnx
EXPORTED ordinary_preserve_sum6_body3_small.onnx
EXPORTED ordinary_preserve_sum6_body3.onnx
EXPORTED ordinary_cal_preserve_mean6_body3_native4_alignpixel_kernel7_small.onnx
EXPORTED ordinary_cal_preserve_mean6_body3_native4_alignpixel_kernel7.onnx
EXPORTED ordinary_cal_preserve_mean6_body3_native4_alignpixel_layout16_small.onnx
EXPORTED ordinary_cal_preserve_mean6_body3_native4_alignpixel_layout16.onnx
EXPORTED ordinary_cal_preserve_mean6_body3_native4_alignpixel_layout5_small.onnx
EXPORTED ordinary_cal_preserve_mean6_body3_native4_alignpixel_layout5.onnx
EXPORTED ordinary_cal_preserve_mean6_body3_native4_alignpixel_f32io_small.onnx
EXPORTED ordinary_cal_preserve_mean6_body3_native4_alignpixel_f32io.onnx
EXPORTED ordinary_cal_preserve_mean6_body3_native4_alignpixel_outdeconv_small.onnx
EXPORTED ordinary_cal_preserve_mean6_body3_native4_alignpixel_outdeconv.onnx
EXPORTED ordinary_cal_preserve_mean6_body3_native4_alignpixel_outcascade_small.onnx
EXPORTED ordinary_cal_preserve_mean6_body3_native4_alignpixel_outcascade.onnx
EXPORTED ordinary_cal_preserve_mean6_body3_native4_alignpixel_refpad16_meanfirst_small.onnx
EXPORTED ordinary_cal_preserve_mean6_body3_native4_alignpixel_refpad16_meanfirst.onnx
/data/zhangbenzhuang/huawei_sr/runs/SS928-EXTREME-20260927/code_snapshot/runtime/deployment_candidates.py:140: TracerWarning: Converting a tensor to a Python boolean might cause the trace to be incorrect. We can't record the data flow of Python values, so this value will be treated as a constant in the future. This means that the trace might not generalize to other inputs!
  if h%self.group:raise ValueError('Feature height must be divisible by row grouping')
EXPORTED ordinary_cal_preserve_mean6_body3_native4_alignpixel_block16_full_small.onnx
EXPORTED ordinary_cal_preserve_mean6_body3_native4_alignpixel_block16_full.onnx
EXPORTED ordinary_cal_preserve_mean6_body3_native4_alignpixel_block16_split_full_small.onnx
EXPORTED ordinary_cal_preserve_mean6_body3_native4_alignpixel_block16_split_full.onnx
EXPORTED ordinary_cal_preserve_mean6_body3_native4_alignpixel_block16_small.onnx
EXPORTED ordinary_cal_preserve_mean6_body3_native4_alignpixel_block16.onnx
EXPORTED ordinary_quarter_w32_3x3_body1_gtweak_small.onnx
EXPORTED ordinary_quarter_w32_3x3_body1_gtweak.onnx
EXPORTED ordinary_cal_quarter_w32_3x3_body1_gtweak_small.onnx
EXPORTED ordinary_cal_quarter_w32_3x3_body1_gtweak.onnx
EXPORTED ordinary_quarter_w32_3x3_body1_gtweak_deconv_small.onnx
EXPORTED ordinary_quarter_w32_3x3_body1_gtweak_deconv.onnx
EXPORTED ordinary_quarter_w32_3x3_body1_gtweak_cascade_small.onnx
EXPORTED ordinary_quarter_w32_3x3_body1_gtweak_cascade.onnx
EXPORTED ordinary_quarter_w32_3x3_body1_gtweak_refsplit_small.onnx
EXPORTED ordinary_quarter_w32_3x3_body1_gtweak_refsplit.onnx
EXPORTED ordinary_cal_graph_quarter_w32_3x3_body1_gtweak_refsplit_small.onnx
EXPORTED ordinary_cal_graph_quarter_w32_3x3_body1_gtweak_refsplit.onnx
EXPORTED ordinary_quarter_w32_3x3_body1_stage1_fusedtail_refsplit_small.onnx
EXPORTED ordinary_quarter_w32_3x3_body1_stage1_fusedtail_refsplit.onnx
EXPORTED ordinary_quarter_w32_3x3_body1_stage1_deconv_fusedtail_small.onnx
EXPORTED ordinary_quarter_w32_3x3_body1_stage1_deconv_fusedtail.onnx
EXPORTED ordinary_quarter_w32_3x3_body1_stage1_cascade_fusedtail_small.onnx
EXPORTED ordinary_quarter_w32_3x3_body1_stage1_cascade_fusedtail.onnx
