CACHE ordinary 0
CACHE ordinary 5
CACHE ordinary 11
CACHE ordinary 17
CACHE ordinary 23
CACHE ordinary 28
CACHE ordinary 34
CACHE ordinary 40
CACHE ordinary 46
CACHE ordinary 51
CACHE ordinary 57
CACHE ordinary 3
CACHE ordinary 9
CACHE ordinary 15
CACHE ordinary 20
CACHE ordinary 26
CACHE ordinary 32
CACHE ordinary 38
CACHE ordinary 43
CACHE ordinary 49
CACHE ordinary 55
CACHE ordinary 1
CACHE ordinary 7
CACHE ordinary 12
CACHE ordinary 18
CACHE ordinary 24
CACHE ordinary 30
CACHE ordinary 35
CACHE ordinary 41
CACHE ordinary 47
CACHE ordinary 53
CACHE ordinary 59
/data/zhangbenzhuang/miniconda3/envs/test/lib/python3.10/site-packages/torch/optim/lr_scheduler.py:182: UserWarning: Detected call of `lr_scheduler.step()` before `optimizer.step()`. In PyTorch 1.1.0 and later, you should call them in the opposite order: `optimizer.step()` before `lr_scheduler.step()`.  Failure to do this will result in PyTorch skipping the first value of the learning rate schedule. See more details at https://pytorch.org/docs/stable/optim.html#how-to-adjust-learning-rate
  warnings.warn(
TRAIN ordinary front3x1 {"loss": 5.063047409057617, "phase_gray": 1.6909692287445068, "temporal_gray": 2.2404003143310547, "weak_temporal_gray": 2.3482666015625, "front_gray": 1.1255346536636353, "step": 1, "heldout_two_pairs": {"loss": 5.095472812652588, "phase_gray": 1.638285517692566, "temporal_gray": 2.3299100399017334, "weak_temporal_gray": 2.3875865936279297, "front_gray": 1.0988945960998535}, "elapsed_seconds": 0.11914358241483569}
TRAIN ordinary front3x1 {"loss": 1.413883090019226, "phase_gray": 0.4569229483604431, "temporal_gray": 0.6366810202598572, "weak_temporal_gray": 0.6615681648254395, "front_gray": 0.37582075595855713, "step": 1000, "heldout_two_pairs": {"loss": 1.4257031679153442, "phase_gray": 0.45741569995880127, "temporal_gray": 0.6554437279701233, "weak_temporal_gray": 0.6709413528442383, "front_gray": 0.3818782567977905}, "elapsed_seconds": 3.046360063366592}
TRAIN ordinary front3x1 {"loss": 1.087562918663025, "phase_gray": 0.35110214352607727, "temporal_gray": 0.47996383905410767, "weak_temporal_gray": 0.48559924960136414, "front_gray": 0.34156760573387146, "step": 2000, "heldout_two_pairs": {"loss": 1.147749423980713, "phase_gray": 0.3690412938594818, "temporal_gray": 0.5124928951263428, "weak_temporal_gray": 0.5223917961120605, "front_gray": 0.3642975687980652}, "elapsed_seconds": 6.1039631282910705}
TRAIN ordinary front3x1 {"loss": 0.851955235004425, "phase_gray": 0.26148977875709534, "temporal_gray": 0.3262154459953308, "weak_temporal_gray": 0.4448168873786926, "front_gray": 0.28526175022125244, "step": 3000, "heldout_two_pairs": {"loss": 1.0189502239227295, "phase_gray": 0.3262943923473358, "temporal_gray": 0.4484013020992279, "weak_temporal_gray": 0.4561368227005005, "front_gray": 0.3579551577568054}, "elapsed_seconds": 8.894635807257146}
TRAIN ordinary front3x1 {"loss": 0.8055493831634521, "phase_gray": 0.2584019899368286, "temporal_gray": 0.3598841726779938, "weak_temporal_gray": 0.3622354567050934, "front_gray": 0.2664470672607422, "step": 4000, "heldout_two_pairs": {"loss": 0.9067944884300232, "phase_gray": 0.29116782546043396, "temporal_gray": 0.4015362560749054, "weak_temporal_gray": 0.4065302014350891, "front_gray": 0.2923734188079834}, "elapsed_seconds": 11.796486487146467}
TRAIN ordinary front3x1 {"loss": 0.8304144740104675, "phase_gray": 0.2664296329021454, "temporal_gray": 0.3629452884197235, "weak_temporal_gray": 0.3703271448612213, "front_gray": 0.2759978175163269, "step": 5000, "heldout_two_pairs": {"loss": 0.8055372834205627, "phase_gray": 0.2589291036128998, "temporal_gray": 0.36219322681427, "weak_temporal_gray": 0.36614346504211426, "front_gray": 0.26741552352905273}, "elapsed_seconds": 14.800106761045754}
TRAIN ordinary front3x1 {"loss": 0.8257362246513367, "phase_gray": 0.2633216083049774, "temporal_gray": 0.37185484170913696, "weak_temporal_gray": 0.38221561908721924, "front_gray": 0.2777043581008911, "step": 6000, "heldout_two_pairs": {"loss": 0.7455806732177734, "phase_gray": 0.23748894035816193, "temporal_gray": 0.3381413519382477, "weak_temporal_gray": 0.34079307317733765, "front_gray": 0.2524091899394989}, "elapsed_seconds": 17.769547266419977}
TRAIN ordinary front3x1 {"loss": 0.67763352394104, "phase_gray": 0.2095671445131302, "temporal_gray": 0.3106638491153717, "weak_temporal_gray": 0.31847909092903137, "front_gray": 0.22767136991024017, "step": 7000, "heldout_two_pairs": {"loss": 0.7169706225395203, "phase_gray": 0.22795438766479492, "temporal_gray": 0.3252802789211273, "weak_temporal_gray": 0.3277362883090973, "front_gray": 0.24606670439243317}, "elapsed_seconds": 20.84100829716772}
TRAIN ordinary front3x1 {"loss": 0.7272709012031555, "phase_gray": 0.2296425849199295, "temporal_gray": 0.32859158515930176, "weak_temporal_gray": 0.3338911831378937, "front_gray": 0.25161606073379517, "step": 8000, "heldout_two_pairs": {"loss": 0.7064747214317322, "phase_gray": 0.224112406373024, "temporal_gray": 0.32028648257255554, "weak_temporal_gray": 0.32280200719833374, "front_gray": 0.2433260679244995}, "elapsed_seconds": 23.89769777096808}
TRAIN ordinary front3x3 {"loss": 5.063047409057617, "phase_gray": 1.6909692287445068, "temporal_gray": 2.2404003143310547, "weak_temporal_gray": 2.3482666015625, "front_gray": 1.1255346536636353, "step": 1, "heldout_two_pairs": {"loss": 5.095472812652588, "phase_gray": 1.638285517692566, "temporal_gray": 2.3299100399017334, "weak_temporal_gray": 2.3875865936279297, "front_gray": 1.0988945960998535}, "elapsed_seconds": 0.06731323013082147}
TRAIN ordinary front3x3 {"loss": 1.2337127923965454, "phase_gray": 0.40458303689956665, "temporal_gray": 0.5464015603065491, "weak_temporal_gray": 0.5635006427764893, "front_gray": 0.328376829624176, "step": 1000, "heldout_two_pairs": {"loss": 1.29206120967865, "phase_gray": 0.4187016487121582, "temporal_gray": 0.558241605758667, "weak_temporal_gray": 0.5743834376335144, "front_gray": 0.385728120803833}, "elapsed_seconds": 2.8795007560402155}
TRAIN ordinary front3x3 {"loss": 0.6347833275794983, "phase_gray": 0.2143099009990692, "temporal_gray": 0.2776089310646057, "weak_temporal_gray": 0.28015920519828796, "front_gray": 0.2246469259262085, "step": 2000, "heldout_two_pairs": {"loss": 0.7041561603546143, "phase_gray": 0.2324368953704834, "temporal_gray": 0.2989460229873657, "weak_temporal_gray": 0.3053828179836273, "front_gray": 0.24210035800933838}, "elapsed_seconds": 5.907222646288574}
TRAIN ordinary front3x3 {"loss": 0.4215865731239319, "phase_gray": 0.13717235624790192, "temporal_gray": 0.14887474477291107, "weak_temporal_gray": 0.20277944207191467, "front_gray": 0.18413758277893066, "step": 3000, "heldout_two_pairs": {"loss": 0.5746981501579285, "phase_gray": 0.20824190974235535, "temporal_gray": 0.19888894259929657, "weak_temporal_gray": 0.20114661753177643, "front_gray": 0.23512333631515503}, "elapsed_seconds": 8.998083017300814}
TRAIN ordinary front3x3 {"loss": 0.3793470561504364, "phase_gray": 0.13075266778469086, "temporal_gray": 0.14439985156059265, "weak_temporal_gray": 0.1461402177810669, "front_gray": 0.14197152853012085, "step": 4000, "heldout_two_pairs": {"loss": 0.37485218048095703, "phase_gray": 0.1270550638437271, "temporal_gray": 0.1589716523885727, "weak_temporal_gray": 0.16002580523490906, "front_gray": 0.1545637547969818}, "elapsed_seconds": 12.095406073145568}
TRAIN ordinary front3x3 {"loss": 0.3786981999874115, "phase_gray": 0.1270512044429779, "temporal_gray": 0.15045230090618134, "weak_temporal_gray": 0.1538480520248413, "front_gray": 0.18464697897434235, "step": 5000, "heldout_two_pairs": {"loss": 0.36416393518447876, "phase_gray": 0.12119703739881516, "temporal_gray": 0.142893448472023, "weak_temporal_gray": 0.14466291666030884, "front_gray": 0.1944221407175064}, "elapsed_seconds": 15.171285171993077}
TRAIN ordinary front3x3 {"loss": 0.3717386722564697, "phase_gray": 0.12600372731685638, "temporal_gray": 0.15916652977466583, "weak_temporal_gray": 0.1636681705713272, "front_gray": 0.13137856125831604, "step": 6000, "heldout_two_pairs": {"loss": 0.32815879583358765, "phase_gray": 0.11280960589647293, "temporal_gray": 0.1332571655511856, "weak_temporal_gray": 0.1344083994626999, "front_gray": 0.11624403297901154}, "elapsed_seconds": 18.24312706105411}
TRAIN ordinary front3x3 {"loss": 0.2991143465042114, "phase_gray": 0.09759475290775299, "temporal_gray": 0.13160014152526855, "weak_temporal_gray": 0.13624899089336395, "front_gray": 0.09905509650707245, "step": 7000, "heldout_two_pairs": {"loss": 0.30107730627059937, "phase_gray": 0.1035921573638916, "temporal_gray": 0.12888823449611664, "weak_temporal_gray": 0.12964709103107452, "front_gray": 0.10367263108491898}, "elapsed_seconds": 21.28802882321179}
TRAIN ordinary front3x3 {"loss": 0.3175175189971924, "phase_gray": 0.10704890638589859, "temporal_gray": 0.13579246401786804, "weak_temporal_gray": 0.1391376256942749, "front_gray": 0.10849075019359589, "step": 8000, "heldout_two_pairs": {"loss": 0.30618584156036377, "phase_gray": 0.10410723835229874, "temporal_gray": 0.13024266064167023, "weak_temporal_gray": 0.1314190775156021, "front_gray": 0.10463574528694153}, "elapsed_seconds": 24.372262441087514}
TRAIN ordinary front5x1 {"loss": 5.063047409057617, "phase_gray": 1.6909692287445068, "temporal_gray": 2.2404003143310547, "weak_temporal_gray": 2.3482666015625, "front_gray": 1.1255346536636353, "step": 1, "heldout_two_pairs": {"loss": 5.095472812652588, "phase_gray": 1.638285517692566, "temporal_gray": 2.3299100399017334, "weak_temporal_gray": 2.3875865936279297, "front_gray": 1.0988945960998535}, "elapsed_seconds": 0.010652909055352211}
TRAIN ordinary front5x1 {"loss": 1.6874117851257324, "phase_gray": 0.5517559051513672, "temporal_gray": 0.7237771153450012, "weak_temporal_gray": 0.7561607956886292, "front_gray": 0.45738133788108826, "step": 1000, "heldout_two_pairs": {"loss": 1.78398597240448, "phase_gray": 0.581063985824585, "temporal_gray": 0.7577013373374939, "weak_temporal_gray": 0.779266357421875, "front_gray": 0.5541952848434448}, "elapsed_seconds": 3.0355154341086745}
TRAIN ordinary front5x1 {"loss": 1.0815318822860718, "phase_gray": 0.35141563415527344, "temporal_gray": 0.4755936861038208, "weak_temporal_gray": 0.48088523745536804, "front_gray": 0.3294575810432434, "step": 2000, "heldout_two_pairs": {"loss": 1.2893646955490112, "phase_gray": 0.4250844717025757, "temporal_gray": 0.5198973417282104, "weak_temporal_gray": 0.5317803621292114, "front_gray": 0.4260580539703369}, "elapsed_seconds": 6.107378128916025}
TRAIN ordinary front5x1 {"loss": 0.9050040245056152, "phase_gray": 0.2888161540031433, "temporal_gray": 0.32355180382728577, "weak_temporal_gray": 0.440702885389328, "front_gray": 0.26897525787353516, "step": 3000, "heldout_two_pairs": {"loss": 1.0679025650024414, "phase_gray": 0.3483344614505768, "temporal_gray": 0.44803059101104736, "weak_temporal_gray": 0.4557616710662842, "front_gray": 0.3446873724460602}, "elapsed_seconds": 9.183833677787334}
TRAIN ordinary front5x1 {"loss": 0.9522266983985901, "phase_gray": 0.3220910131931305, "temporal_gray": 0.3609662652015686, "weak_temporal_gray": 0.3649909198284149, "front_gray": 0.3441880941390991, "step": 4000, "heldout_two_pairs": {"loss": 0.9599283933639526, "phase_gray": 0.31000974774360657, "temporal_gray": 0.4023502767086029, "weak_temporal_gray": 0.4086102843284607, "front_gray": 0.3364255428314209}, "elapsed_seconds": 12.25925954990089}
TRAIN ordinary front5x1 {"loss": 0.8307036757469177, "phase_gray": 0.267523854970932, "temporal_gray": 0.36691179871559143, "weak_temporal_gray": 0.3748122453689575, "front_gray": 0.25670599937438965, "step": 5000, "heldout_two_pairs": {"loss": 0.8415552973747253, "phase_gray": 0.27165672183036804, "temporal_gray": 0.36721229553222656, "weak_temporal_gray": 0.3725880980491638, "front_gray": 0.26258087158203125}, "elapsed_seconds": 15.151596073061228}
TRAIN ordinary front5x1 {"loss": 0.8130716681480408, "phase_gray": 0.2640567421913147, "temporal_gray": 0.3628608286380768, "weak_temporal_gray": 0.3734016716480255, "front_gray": 0.26090043783187866, "step": 6000, "heldout_two_pairs": {"loss": 0.7578099966049194, "phase_gray": 0.2445092797279358, "temporal_gray": 0.3387036919593811, "weak_temporal_gray": 0.3423391282558441, "front_gray": 0.24941852688789368}, "elapsed_seconds": 18.153467238880694}
TRAIN ordinary front5x1 {"loss": 0.6712661981582642, "phase_gray": 0.2112988531589508, "temporal_gray": 0.3030470311641693, "weak_temporal_gray": 0.31043583154678345, "front_gray": 0.20399166643619537, "step": 7000, "heldout_two_pairs": {"loss": 0.7103451490402222, "phase_gray": 0.2287435084581375, "temporal_gray": 0.320110023021698, "weak_temporal_gray": 0.3231685161590576, "front_gray": 0.22505046427249908}, "elapsed_seconds": 21.176665916107595}
TRAIN ordinary front5x1 {"loss": 0.702944815158844, "phase_gray": 0.22641611099243164, "temporal_gray": 0.31933021545410156, "weak_temporal_gray": 0.32363757491111755, "front_gray": 0.2200346142053604, "step": 8000, "heldout_two_pairs": {"loss": 0.6806930303573608, "phase_gray": 0.22034130990505219, "temporal_gray": 0.3083939850330353, "weak_temporal_gray": 0.31110304594039917, "front_gray": 0.21426275372505188}, "elapsed_seconds": 24.070748188067228}
FINISHED ordinary
