REFERENCE ordinary cal_preserve_mean6_body3_native4_alignpixel
REFERENCE ordinary cal_preserve_sum6_body3_native4_alignpixel
REFERENCE ordinary preserve_raw6_body3_native4_alignpixel
REFERENCE ordinary preserve_mean6_body3
REFERENCE ordinary preserve_sum6_body3
REFERENCE ordinary cal_preserve_mean6_body3_native4_alignpixel_kernel7
REFERENCE ordinary cal_preserve_mean6_body3_native4_alignpixel_layout16
REFERENCE ordinary cal_preserve_mean6_body3_native4_alignpixel_layout5
REFERENCE ordinary cal_preserve_mean6_body3_native4_alignpixel_f32io
REFERENCE ordinary cal_preserve_mean6_body3_native4_alignpixel_outdeconv
REFERENCE ordinary cal_preserve_mean6_body3_native4_alignpixel_outcascade
REFERENCE ordinary cal_preserve_mean6_body3_native4_alignpixel_refpad16_meanfirst
REFERENCE ordinary cal_preserve_mean6_body3_native4_alignpixel_block16_full
REFERENCE ordinary cal_preserve_mean6_body3_native4_alignpixel_block16_split_full
REFERENCE ordinary cal_preserve_mean6_body3_native4_alignpixel_block16
REFERENCE ordinary quarter_w32_3x3_body1_gtweak
REFERENCE ordinary cal_quarter_w32_3x3_body1_gtweak
REFERENCE ordinary quarter_w32_3x3_body1_gtweak_deconv
REFERENCE ordinary quarter_w32_3x3_body1_gtweak_cascade
REFERENCE ordinary quarter_w32_3x3_body1_gtweak_refsplit
REFERENCE ordinary cal_graph_quarter_w32_3x3_body1_gtweak_refsplit
REFERENCE ordinary quarter_w32_3x3_body1_stage1_fusedtail_refsplit
REFERENCE ordinary quarter_w32_3x3_body1_stage1_deconv_fusedtail
REFERENCE ordinary quarter_w32_3x3_body1_stage1_cascade_fusedtail
