EXPORTED ordinary_combo_input9_half_aligned16_nearest_small.onnx
EXPORTED ordinary_combo_input9_half_aligned16_nearest.onnx
/data/zhangbenzhuang/huawei_sr/runs/SS928-EXTREME-20260927/code_snapshot/runtime/continuation_candidates.py:53: TracerWarning: Converting a tensor to a Python boolean might cause the trace to be incorrect. We can't record the data flow of Python values, so this value will be treated as a constant in the future. This means that the trace might not generalize to other inputs!
  if self.padding and (x.shape[-2]%2 or x.shape[-1]%2):raise ValueError('Statistics3 requires even sensor dimensions')
EXPORTED ordinary_combo_stats3_relu32_aligned16_half_output_fixed_small.onnx
EXPORTED ordinary_combo_stats3_relu32_aligned16_half_output_fixed.onnx
EXPORTED ordinary_body3_quantsearch_small.onnx
EXPORTED ordinary_body3_quantsearch.onnx
EXPORTED ordinary_cal_front3x1_trained_native4_alignpixel_small.onnx
EXPORTED ordinary_cal_front3x1_trained_native4_alignpixel.onnx
EXPORTED ordinary_cal_front3x3_trained_native4_alignpixel_small.onnx
EXPORTED ordinary_cal_front3x3_trained_native4_alignpixel.onnx
EXPORTED ordinary_cal_front3x1_trained_body3_native4_alignpixel_small.onnx
EXPORTED ordinary_cal_front3x1_trained_body3_native4_alignpixel.onnx
EXPORTED ordinary_cal_front3x1_trained_body2_native4_alignpixel_small.onnx
EXPORTED ordinary_cal_front3x1_trained_body2_native4_alignpixel.onnx
EXPORTED ordinary_cal_front3x1_trained_body2_native4_alignpixel_outdeconv_small.onnx
EXPORTED ordinary_cal_front3x1_trained_body2_native4_alignpixel_outdeconv.onnx
EXPORTED ordinary_cal_front3x1_trained_body2_native4_alignpixel_outcascade_small.onnx
EXPORTED ordinary_cal_front3x1_trained_body2_native4_alignpixel_outcascade.onnx
EXPORTED ordinary_cal_front3x1_trained_body2_native4_alignpixel_layout16_small.onnx
EXPORTED ordinary_cal_front3x1_trained_body2_native4_alignpixel_layout16.onnx
EXPORTED ordinary_cal_front3x1_trained_body2_native4_alignpixel_layout5_small.onnx
EXPORTED ordinary_cal_front3x1_trained_body2_native4_alignpixel_layout5.onnx
EXPORTED ordinary_cal_front3x1_trained_body2_native4_alignpixel_f32io_small.onnx
EXPORTED ordinary_cal_front3x1_trained_body2_native4_alignpixel_f32io.onnx
EXPORTED ordinary_cal_front3x1_trained_body2_native4_alignpixel_f32in_small.onnx
EXPORTED ordinary_cal_front3x1_trained_body2_native4_alignpixel_f32in.onnx
EXPORTED ordinary_cal_front3x1_trained_body2_native4_alignpixel_f32out_small.onnx
EXPORTED ordinary_cal_front3x1_trained_body2_native4_alignpixel_f32out.onnx
EXPORTED ordinary_cal_front3x1_trained_body2_native4_alignpixel_refpad16_small.onnx
EXPORTED ordinary_cal_front3x1_trained_body2_native4_alignpixel_refpad16.onnx
EXPORTED ordinary_cal_front3x1_trained_body2_native4_alignpixel_meanfirst_small.onnx
EXPORTED ordinary_cal_front3x1_trained_body2_native4_alignpixel_meanfirst.onnx
EXPORTED ordinary_cal_front3x1_trained_body2_native4_alignpixel_refpad16_meanfirst_small.onnx
EXPORTED ordinary_cal_front3x1_trained_body2_native4_alignpixel_refpad16_meanfirst.onnx
/data/zhangbenzhuang/huawei_sr/runs/SS928-EXTREME-20260927/code_snapshot/runtime/deployment_candidates.py:120: TracerWarning: Converting a tensor to a Python boolean might cause the trace to be incorrect. We can't record the data flow of Python values, so this value will be treated as a constant in the future. This means that the trace might not generalize to other inputs!
  if h%self.group:raise ValueError('Feature height must be divisible by row grouping')
EXPORTED ordinary_cal_front3x1_trained_body2_native4_alignpixel_refpad16_meanfirst_block16_full_small.onnx
EXPORTED ordinary_cal_front3x1_trained_body2_native4_alignpixel_refpad16_meanfirst_block16_full.onnx
EXPORTED ordinary_cal_front3x1_trained_body2_native4_alignpixel_refpad16_meanfirst_block16_split_full_small.onnx
EXPORTED ordinary_cal_front3x1_trained_body2_native4_alignpixel_refpad16_meanfirst_block16_split_full.onnx
EXPORTED ordinary_cal_front3x1_trained_body2_native4_alignpixel_refpad16_meanfirst_block16_small.onnx
EXPORTED ordinary_cal_front3x1_trained_body2_native4_alignpixel_refpad16_meanfirst_block16.onnx
EXPORTED ordinary_cal_front3x1_trained_body2_native4_alignpixel_refpad16_meanfirst_block16_f32io_small.onnx
EXPORTED ordinary_cal_front3x1_trained_body2_native4_alignpixel_refpad16_meanfirst_block16_f32io.onnx
EXPORTED ordinary_cal_front3x1_trained_body2_native4_alignpixel_refpad16_meanfirst_block16_full_f32io_small.onnx
EXPORTED ordinary_cal_front3x1_trained_body2_native4_alignpixel_refpad16_meanfirst_block16_full_f32io.onnx
EXPORTED ordinary_quarter_w32_3x3_body1_stage1_fusedtail_small.onnx
EXPORTED ordinary_quarter_w32_3x3_body1_stage1_fusedtail.onnx
EXPORTED ordinary_quarter_w32_3x3_body1_qat_w8allpo_small.onnx
EXPORTED ordinary_quarter_w32_3x3_body1_qat_w8allpo.onnx
EXPORTED ordinary_quarter_w32_3x3_body1_qat_w8allpo_fusedtail_small.onnx
EXPORTED ordinary_quarter_w32_3x3_body1_qat_w8allpo_fusedtail.onnx
EXPORTED ordinary_cal_graph_quarter_w32_3x3_body1_qat_w8allpo_fusedtail_small.onnx
EXPORTED ordinary_cal_graph_quarter_w32_3x3_body1_qat_w8allpo_fusedtail.onnx
EXPORTED ordinary_quarter_w32_3x3_body1_small.onnx
EXPORTED ordinary_quarter_w32_3x3_body1.onnx
EXPORTED ordinary_quarter_w32_3x3_body1_stage1_fusedtail_outdeconv_small.onnx
EXPORTED ordinary_quarter_w32_3x3_body1_stage1_fusedtail_outdeconv.onnx
EXPORTED ordinary_quarter_w32_3x3_body1_stage1_fusedtail_outcascade_small.onnx
EXPORTED ordinary_quarter_w32_3x3_body1_stage1_fusedtail_outcascade.onnx
EXPORTED ordinary_quarter_w32_3x3_body1_stage1_refpad16_meanfirst_fusedtail_small.onnx
EXPORTED ordinary_quarter_w32_3x3_body1_stage1_refpad16_meanfirst_fusedtail.onnx
EXPORTED ordinary_quarter_w32_3x3_body1_stage1_layout16_fusedtail_small.onnx
EXPORTED ordinary_quarter_w32_3x3_body1_stage1_layout16_fusedtail.onnx
EXPORTED ordinary_quarter_w32_3x3_body1_stage1_layout5_fusedtail_small.onnx
EXPORTED ordinary_quarter_w32_3x3_body1_stage1_layout5_fusedtail.onnx
EXPORTED ordinary_quarter_w32_3x3_body1_stage1_fusedtail_f32io_small.onnx
EXPORTED ordinary_quarter_w32_3x3_body1_stage1_fusedtail_f32io.onnx
EXPORTED ordinary_quarter_w32_3x3_body1_stage1_fusedtail_block16_small.onnx
EXPORTED ordinary_quarter_w32_3x3_body1_stage1_fusedtail_block16.onnx
EXPORTED ordinary_quarter_w32_3x3_body1_stage1_fusedtail_block16_full_small.onnx
EXPORTED ordinary_quarter_w32_3x3_body1_stage1_fusedtail_block16_full.onnx
EXPORTED ordinary_quarter_w32_3x3_body1_stage1_fusedtail_block16_split_full_small.onnx
EXPORTED ordinary_quarter_w32_3x3_body1_stage1_fusedtail_block16_split_full.onnx
EXPORTED ordinary_cal_front3x1_trained_body3_native4_alignpixel_outdeconv_small.onnx
EXPORTED ordinary_cal_front3x1_trained_body3_native4_alignpixel_outdeconv.onnx
EXPORTED ordinary_cal_front3x1_trained_body3_native4_alignpixel_outcascade_small.onnx
EXPORTED ordinary_cal_front3x1_trained_body3_native4_alignpixel_outcascade.onnx
EXPORTED ordinary_cal_front3x1_trained_body3_native4_alignpixel_f32io_small.onnx
EXPORTED ordinary_cal_front3x1_trained_body3_native4_alignpixel_f32io.onnx
EXPORTED ordinary_cal_front3x1_trained_body3_native4_alignpixel_layout16_small.onnx
EXPORTED ordinary_cal_front3x1_trained_body3_native4_alignpixel_layout16.onnx
EXPORTED ordinary_cal_front3x1_trained_body3_native4_alignpixel_layout5_small.onnx
EXPORTED ordinary_cal_front3x1_trained_body3_native4_alignpixel_layout5.onnx
EXPORTED ordinary_cal_front3x1_trained_body3_native4_alignpixel_refpad16_meanfirst_small.onnx
EXPORTED ordinary_cal_front3x1_trained_body3_native4_alignpixel_refpad16_meanfirst.onnx
