REFERENCE special cal_preserve_mean6_body3_native4_alignpixel
REFERENCE special cal_preserve_sum6_body3_native4_alignpixel
REFERENCE special preserve_raw6_body3_native4_alignpixel
REFERENCE special preserve_mean6_body3
REFERENCE special preserve_sum6_body3
REFERENCE special cal_preserve_mean6_body3_native4_alignpixel_kernel7
REFERENCE special cal_preserve_mean6_body3_native4_alignpixel_layout16
REFERENCE special cal_preserve_mean6_body3_native4_alignpixel_layout5
REFERENCE special cal_preserve_mean6_body3_native4_alignpixel_f32io
REFERENCE special cal_preserve_mean6_body3_native4_alignpixel_outdeconv
REFERENCE special cal_preserve_mean6_body3_native4_alignpixel_outcascade
REFERENCE special cal_preserve_mean6_body3_native4_alignpixel_refpad16_meanfirst
REFERENCE special cal_preserve_mean6_body3_native4_alignpixel_block16_full
REFERENCE special cal_preserve_mean6_body3_native4_alignpixel_block16_split_full
REFERENCE special cal_preserve_mean6_body3_native4_alignpixel_block16
REFERENCE special quarter_w32_3x3_body1_gtweak
REFERENCE special cal_quarter_w32_3x3_body1_gtweak
REFERENCE special quarter_w32_3x3_body1_gtweak_deconv
REFERENCE special quarter_w32_3x3_body1_gtweak_cascade
REFERENCE special quarter_w32_3x3_body1_gtweak_refsplit
REFERENCE special cal_graph_quarter_w32_3x3_body1_gtweak_refsplit
REFERENCE special quarter_w32_3x3_body1_stage1_fusedtail_refsplit
REFERENCE special quarter_w32_3x3_body1_stage1_deconv_fusedtail
REFERENCE special quarter_w32_3x3_body1_stage1_cascade_fusedtail
