CACHE special 0
CACHE special 3
CACHE special 7
CACHE special 11
CACHE special 15
CACHE special 19
CACHE special 23
CACHE special 26
CACHE special 30
CACHE special 34
CACHE special 38
CACHE special 42
CACHE special 46
CACHE special 49
CACHE special 53
CACHE special 57
CACHE special 61
CACHE special 65
CACHE special 69
CACHE special 72
CACHE special 76
CACHE special 80
CACHE special 84
CACHE special 88
CACHE special 92
CACHE special 95
CACHE special 99
CACHE special 103
CACHE special 107
CACHE special 111
CACHE special 115
CACHE special 119
/data/zhangbenzhuang/miniconda3/envs/test/lib/python3.10/site-packages/torch/optim/lr_scheduler.py:182: UserWarning: Detected call of `lr_scheduler.step()` before `optimizer.step()`. In PyTorch 1.1.0 and later, you should call them in the opposite order: `optimizer.step()` before `lr_scheduler.step()`.  Failure to do this will result in PyTorch skipping the first value of the learning rate schedule. See more details at https://pytorch.org/docs/stable/optim.html#how-to-adjust-learning-rate
  warnings.warn(
TRAIN special front3x1 {"loss": 12.203681945800781, "phase_gray": 3.9774534702301025, "temporal_gray": 4.991828918457031, "weak_temporal_gray": 5.286701202392578, "front_gray": 3.1603870391845703, "step": 1, "heldout_two_pairs": {"loss": 15.117012023925781, "phase_gray": 5.437845706939697, "temporal_gray": 5.4175705909729, "weak_temporal_gray": 5.66857385635376, "front_gray": 3.2166812419891357}, "elapsed_seconds": 0.12000104365870357}
TRAIN special front3x1 {"loss": 2.121326446533203, "phase_gray": 0.6760078072547913, "temporal_gray": 0.9228463768959045, "weak_temporal_gray": 0.9387649893760681, "front_gray": 0.8361606597900391, "step": 1000, "heldout_two_pairs": {"loss": 2.0827674865722656, "phase_gray": 0.6482132077217102, "temporal_gray": 0.9176491498947144, "weak_temporal_gray": 0.9416394829750061, "front_gray": 0.8119456768035889}, "elapsed_seconds": 2.8540432997979224}
TRAIN special front3x1 {"loss": 1.8896018266677856, "phase_gray": 0.5928197503089905, "temporal_gray": 0.8019223213195801, "weak_temporal_gray": 0.822014331817627, "front_gray": 0.8329249620437622, "step": 2000, "heldout_two_pairs": {"loss": 1.8311482667922974, "phase_gray": 0.5686150193214417, "temporal_gray": 0.7897563576698303, "weak_temporal_gray": 0.8055516481399536, "front_gray": 0.7975692749023438}, "elapsed_seconds": 5.596846352797002}
TRAIN special front3x1 {"loss": 1.4471344947814941, "phase_gray": 0.4302081763744354, "temporal_gray": 0.5519979000091553, "weak_temporal_gray": 0.7499493360519409, "front_gray": 0.5574499368667603, "step": 3000, "heldout_two_pairs": {"loss": 1.6542226076126099, "phase_gray": 0.5136597752571106, "temporal_gray": 0.7170806527137756, "weak_temporal_gray": 0.7306792140007019, "front_gray": 0.6822910308837891}, "elapsed_seconds": 8.408300295006484}
TRAIN special front3x1 {"loss": 1.4845669269561768, "phase_gray": 0.4693228304386139, "temporal_gray": 0.6496745944023132, "weak_temporal_gray": 0.6637795567512512, "front_gray": 0.6249556541442871, "step": 4000, "heldout_two_pairs": {"loss": 1.487837791442871, "phase_gray": 0.46342140436172485, "temporal_gray": 0.6473129987716675, "weak_temporal_gray": 0.6589674353599548, "front_gray": 0.6152722835540771}, "elapsed_seconds": 11.410340144764632}
TRAIN special front3x1 {"loss": 1.430284023284912, "phase_gray": 0.4530372619628906, "temporal_gray": 0.6169236302375793, "weak_temporal_gray": 0.6286718845367432, "front_gray": 0.615553081035614, "step": 5000, "heldout_two_pairs": {"loss": 1.3573851585388184, "phase_gray": 0.42113563418388367, "temporal_gray": 0.5897621512413025, "weak_temporal_gray": 0.6005513668060303, "front_gray": 0.5825636386871338}, "elapsed_seconds": 14.448275160975754}
TRAIN special front3x1 {"loss": 1.3130532503128052, "phase_gray": 0.41504907608032227, "temporal_gray": 0.5754223465919495, "weak_temporal_gray": 0.5872284173965454, "front_gray": 0.5748671293258667, "step": 6000, "heldout_two_pairs": {"loss": 1.268593192100525, "phase_gray": 0.3923821449279785, "temporal_gray": 0.5532097816467285, "weak_temporal_gray": 0.5625404715538025, "front_gray": 0.5385565757751465}, "elapsed_seconds": 17.456349941901863}
TRAIN special front3x1 {"loss": 1.2461724281311035, "phase_gray": 0.38794925808906555, "temporal_gray": 0.5458834171295166, "weak_temporal_gray": 0.5541784763336182, "front_gray": 0.5350528955459595, "step": 7000, "heldout_two_pairs": {"loss": 1.2114073038101196, "phase_gray": 0.37473928928375244, "temporal_gray": 0.5223216414451599, "weak_temporal_gray": 0.5301064848899841, "front_gray": 0.5234188437461853}, "elapsed_seconds": 20.238905804697424}
TRAIN special front3x1 {"loss": 1.257803201675415, "phase_gray": 0.3982350528240204, "temporal_gray": 0.5391442775726318, "weak_temporal_gray": 0.5493366122245789, "front_gray": 0.5701220631599426, "step": 8000, "heldout_two_pairs": {"loss": 1.1819082498550415, "phase_gray": 0.3655826151371002, "temporal_gray": 0.5120605230331421, "weak_temporal_gray": 0.5193662643432617, "front_gray": 0.5182032585144043}, "elapsed_seconds": 22.966201439034194}
TRAIN special front3x3 {"loss": 12.203681945800781, "phase_gray": 3.9774534702301025, "temporal_gray": 4.991828918457031, "weak_temporal_gray": 5.286701202392578, "front_gray": 3.1603870391845703, "step": 1, "heldout_two_pairs": {"loss": 15.117012023925781, "phase_gray": 5.437845706939697, "temporal_gray": 5.4175705909729, "weak_temporal_gray": 5.66857385635376, "front_gray": 3.2166812419891357}, "elapsed_seconds": 0.07287712395191193}
TRAIN special front3x3 {"loss": 2.041245460510254, "phase_gray": 0.6573193669319153, "temporal_gray": 0.908143162727356, "weak_temporal_gray": 0.9343908429145813, "front_gray": 0.6448740363121033, "step": 1000, "heldout_two_pairs": {"loss": 2.082249641418457, "phase_gray": 0.6658982038497925, "temporal_gray": 0.8955662846565247, "weak_temporal_gray": 0.9184088706970215, "front_gray": 0.6388306021690369}, "elapsed_seconds": 2.7939051939174533}
TRAIN special front3x3 {"loss": 1.4595805406570435, "phase_gray": 0.46809545159339905, "temporal_gray": 0.625620424747467, "weak_temporal_gray": 0.6404687762260437, "front_gray": 0.5293706655502319, "step": 2000, "heldout_two_pairs": {"loss": 1.4466469287872314, "phase_gray": 0.45158466696739197, "temporal_gray": 0.6298272013664246, "weak_temporal_gray": 0.6392197012901306, "front_gray": 0.507119357585907}, "elapsed_seconds": 5.529942135792226}
TRAIN special front3x3 {"loss": 1.012670874595642, "phase_gray": 0.31474220752716064, "temporal_gray": 0.36440426111221313, "weak_temporal_gray": 0.49936166405677795, "front_gray": 0.3897576928138733, "step": 3000, "heldout_two_pairs": {"loss": 1.1815762519836426, "phase_gray": 0.37152716517448425, "temporal_gray": 0.49346351623535156, "weak_temporal_gray": 0.5009637475013733, "front_gray": 0.4395928382873535}, "elapsed_seconds": 8.28872514795512}
TRAIN special front3x3 {"loss": 0.9424794912338257, "phase_gray": 0.30001598596572876, "temporal_gray": 0.39759188890457153, "weak_temporal_gray": 0.40523695945739746, "front_gray": 0.38865968585014343, "step": 4000, "heldout_two_pairs": {"loss": 1.0176260471343994, "phase_gray": 0.3257286548614502, "temporal_gray": 0.4079258441925049, "weak_temporal_gray": 0.41549038887023926, "front_gray": 0.387800395488739}, "elapsed_seconds": 11.001672922167927}
TRAIN special front3x3 {"loss": 0.899522066116333, "phase_gray": 0.28616780042648315, "temporal_gray": 0.37838014960289, "weak_temporal_gray": 0.3880055248737335, "front_gray": 0.37872183322906494, "step": 5000, "heldout_two_pairs": {"loss": 0.9395692348480225, "phase_gray": 0.303174763917923, "temporal_gray": 0.37394386529922485, "weak_temporal_gray": 0.38156312704086304, "front_gray": 0.3661748766899109}, "elapsed_seconds": 13.690322665963322}
TRAIN special front3x3 {"loss": 0.8668823838233948, "phase_gray": 0.27318254113197327, "temporal_gray": 0.3743491768836975, "weak_temporal_gray": 0.3824254274368286, "front_gray": 0.3603109121322632, "step": 6000, "heldout_two_pairs": {"loss": 0.8067050576210022, "phase_gray": 0.2456205189228058, "temporal_gray": 0.34892264008522034, "weak_temporal_gray": 0.3577927052974701, "front_gray": 0.3388478755950928}, "elapsed_seconds": 16.3869820330292}
TRAIN special front3x3 {"loss": 0.7830632925033569, "phase_gray": 0.24471712112426758, "temporal_gray": 0.33795657753944397, "weak_temporal_gray": 0.3489980399608612, "front_gray": 0.3215581178665161, "step": 7000, "heldout_two_pairs": {"loss": 0.7726389765739441, "phase_gray": 0.2348054200410843, "temporal_gray": 0.33607426285743713, "weak_temporal_gray": 0.34596842527389526, "front_gray": 0.31778985261917114}, "elapsed_seconds": 19.188870877958834}
TRAIN special front3x3 {"loss": 0.8002164363861084, "phase_gray": 0.2539607584476471, "temporal_gray": 0.3366759419441223, "weak_temporal_gray": 0.347696453332901, "front_gray": 0.3444259464740753, "step": 8000, "heldout_two_pairs": {"loss": 0.7643855214118958, "phase_gray": 0.23288695514202118, "temporal_gray": 0.33280473947525024, "weak_temporal_gray": 0.34246379137039185, "front_gray": 0.3115946054458618}, "elapsed_seconds": 21.971692107152194}
TRAIN special front5x1 {"loss": 12.203681945800781, "phase_gray": 3.9774534702301025, "temporal_gray": 4.991828918457031, "weak_temporal_gray": 5.286701202392578, "front_gray": 3.1603870391845703, "step": 1, "heldout_two_pairs": {"loss": 15.117012023925781, "phase_gray": 5.437845706939697, "temporal_gray": 5.4175705909729, "weak_temporal_gray": 5.66857385635376, "front_gray": 3.2166812419891357}, "elapsed_seconds": 0.010549397207796574}
TRAIN special front5x1 {"loss": 2.5847220420837402, "phase_gray": 0.8465299606323242, "temporal_gray": 1.0955140590667725, "weak_temporal_gray": 1.1222748756408691, "front_gray": 0.8431761264801025, "step": 1000, "heldout_two_pairs": {"loss": 2.6030213832855225, "phase_gray": 0.8475014567375183, "temporal_gray": 1.0647975206375122, "weak_temporal_gray": 1.1008577346801758, "front_gray": 0.892227053642273}, "elapsed_seconds": 2.743790054228157}
TRAIN special front5x1 {"loss": 2.3879473209381104, "phase_gray": 0.7751426696777344, "temporal_gray": 0.9711716175079346, "weak_temporal_gray": 1.0035775899887085, "front_gray": 0.8638747930526733, "step": 2000, "heldout_two_pairs": {"loss": 2.2182841300964355, "phase_gray": 0.7047929167747498, "temporal_gray": 0.9329732060432434, "weak_temporal_gray": 0.9574341773986816, "front_gray": 0.8027807474136353}, "elapsed_seconds": 5.4919373779557645}
TRAIN special front5x1 {"loss": 1.7251802682876587, "phase_gray": 0.5181093811988831, "temporal_gray": 0.6454916596412659, "weak_temporal_gray": 0.8816469311714172, "front_gray": 0.616511344909668, "step": 3000, "heldout_two_pairs": {"loss": 2.1589841842651367, "phase_gray": 0.7100450992584229, "temporal_gray": 0.8420348167419434, "weak_temporal_gray": 0.861481785774231, "front_gray": 0.7759644985198975}, "elapsed_seconds": 8.346133736893535}
TRAIN special front5x1 {"loss": 1.7999500036239624, "phase_gray": 0.5771086812019348, "temporal_gray": 0.7735770344734192, "weak_temporal_gray": 0.7968927025794983, "front_gray": 0.6562018990516663, "step": 4000, "heldout_two_pairs": {"loss": 1.8282891511917114, "phase_gray": 0.5898972153663635, "temporal_gray": 0.7468743920326233, "weak_temporal_gray": 0.7598175406455994, "front_gray": 0.649617075920105}, "elapsed_seconds": 11.339412913192064}
TRAIN special front5x1 {"loss": 1.6748332977294922, "phase_gray": 0.5401698350906372, "temporal_gray": 0.7247352600097656, "weak_temporal_gray": 0.7453290224075317, "front_gray": 0.6192722916603088, "step": 5000, "heldout_two_pairs": {"loss": 1.5419981479644775, "phase_gray": 0.4869835674762726, "temporal_gray": 0.6812849044799805, "weak_temporal_gray": 0.6924375891685486, "front_gray": 0.5738050937652588}, "elapsed_seconds": 14.378031217958778}
TRAIN special front5x1 {"loss": 1.5540196895599365, "phase_gray": 0.5029037594795227, "temporal_gray": 0.6891240477561951, "weak_temporal_gray": 0.7044013738632202, "front_gray": 0.5696165561676025, "step": 6000, "heldout_two_pairs": {"loss": 1.4470367431640625, "phase_gray": 0.4572944641113281, "temporal_gray": 0.6479142308235168, "weak_temporal_gray": 0.6577918529510498, "front_gray": 0.5283418893814087}, "elapsed_seconds": 17.26075604232028}
TRAIN special front5x1 {"loss": 1.4237771034240723, "phase_gray": 0.4529397785663605, "temporal_gray": 0.6367616057395935, "weak_temporal_gray": 0.6532777547836304, "front_gray": 0.5072210431098938, "step": 7000, "heldout_two_pairs": {"loss": 1.3587703704833984, "phase_gray": 0.4296083152294159, "temporal_gray": 0.608943521976471, "weak_temporal_gray": 0.6177043318748474, "front_gray": 0.49790650606155396}, "elapsed_seconds": 20.287766986060888}
TRAIN special front5x1 {"loss": 1.4096019268035889, "phase_gray": 0.45963039994239807, "temporal_gray": 0.6121323704719543, "weak_temporal_gray": 0.6298843026161194, "front_gray": 0.5338906049728394, "step": 8000, "heldout_two_pairs": {"loss": 1.3325937986373901, "phase_gray": 0.42106810212135315, "temporal_gray": 0.5948082804679871, "weak_temporal_gray": 0.6041778326034546, "front_gray": 0.48222342133522034}, "elapsed_seconds": 23.129695194307715}
FINISHED special
