REFERENCE special combo_input9_half_aligned16_nearest
REFERENCE special combo_stats3_relu32_aligned16_half_output_fixed
REFERENCE special body3_quantsearch
REFERENCE special cal_front3x1_trained_native4_alignpixel
REFERENCE special cal_front3x3_trained_native4_alignpixel
REFERENCE special cal_front3x1_trained_body3_native4_alignpixel
REFERENCE special cal_front3x1_trained_body2_native4_alignpixel
REFERENCE special cal_front3x1_trained_body2_native4_alignpixel_outdeconv
REFERENCE special cal_front3x1_trained_body2_native4_alignpixel_outcascade
REFERENCE special cal_front3x1_trained_body2_native4_alignpixel_layout16
REFERENCE special cal_front3x1_trained_body2_native4_alignpixel_layout5
REFERENCE special cal_front3x1_trained_body2_native4_alignpixel_f32io
REFERENCE special cal_front3x1_trained_body2_native4_alignpixel_f32in
REFERENCE special cal_front3x1_trained_body2_native4_alignpixel_f32out
REFERENCE special cal_front3x1_trained_body2_native4_alignpixel_refpad16
REFERENCE special cal_front3x1_trained_body2_native4_alignpixel_meanfirst
REFERENCE special cal_front3x1_trained_body2_native4_alignpixel_refpad16_meanfirst
REFERENCE special cal_front3x1_trained_body2_native4_alignpixel_refpad16_meanfirst_block16_full
REFERENCE special cal_front3x1_trained_body2_native4_alignpixel_refpad16_meanfirst_block16_split_full
REFERENCE special cal_front3x1_trained_body2_native4_alignpixel_refpad16_meanfirst_block16
REFERENCE special cal_front3x1_trained_body2_native4_alignpixel_refpad16_meanfirst_block16_f32io
REFERENCE special cal_front3x1_trained_body2_native4_alignpixel_refpad16_meanfirst_block16_full_f32io
REFERENCE special quarter_w32_3x3_body1_stage1_fusedtail
REFERENCE special quarter_w32_3x3_body1_qat_w8allpo
REFERENCE special quarter_w32_3x3_body1_qat_w8allpo_fusedtail
REFERENCE special cal_graph_quarter_w32_3x3_body1_qat_w8allpo_fusedtail
REFERENCE special quarter_w32_3x3_body1
REFERENCE special quarter_w32_3x3_body1_stage1_fusedtail_outdeconv
REFERENCE special quarter_w32_3x3_body1_stage1_fusedtail_outcascade
REFERENCE special quarter_w32_3x3_body1_stage1_refpad16_meanfirst_fusedtail
REFERENCE special quarter_w32_3x3_body1_stage1_layout16_fusedtail
REFERENCE special quarter_w32_3x3_body1_stage1_layout5_fusedtail
REFERENCE special quarter_w32_3x3_body1_stage1_fusedtail_f32io
REFERENCE special quarter_w32_3x3_body1_stage1_fusedtail_block16
REFERENCE special quarter_w32_3x3_body1_stage1_fusedtail_block16_full
REFERENCE special quarter_w32_3x3_body1_stage1_fusedtail_block16_split_full
REFERENCE special cal_front3x1_trained_body3_native4_alignpixel_outdeconv
REFERENCE special cal_front3x1_trained_body3_native4_alignpixel_outcascade
REFERENCE special cal_front3x1_trained_body3_native4_alignpixel_f32io
REFERENCE special cal_front3x1_trained_body3_native4_alignpixel_layout16
REFERENCE special cal_front3x1_trained_body3_native4_alignpixel_layout5
REFERENCE special cal_front3x1_trained_body3_native4_alignpixel_refpad16_meanfirst
