NIGHT_CALIBRATION night_ordinary train 0 [0, 1, 2, 3, 4, 5, 6, 7, 8]
NIGHT_CALIBRATION night_ordinary train 1 [51, 52, 53, 54, 55, 56, 57, 58, 59]
NIGHT_CALIBRATION night_ordinary train 2 [51, 52, 53, 54, 55, 56, 57, 58, 59]
NIGHT_CALIBRATION night_ordinary train 3 [51, 52, 53, 54, 55, 56, 57, 58, 59]
NIGHT_CALIBRATION night_ordinary test 0 [0, 0, 0, 0, 0, 0, 0, 0, 0]
NIGHT_CALIBRATION night_ordinary test 1 [0, 0, 0, 0, 1, 2, 3, 4, 5]
NIGHT_CALIBRATION night_ordinary test 2 [2, 3, 4, 5, 6, 7, 8, 9, 10]
NIGHT_CALIBRATION night_ordinary test 3 [8, 9, 10, 11, 12, 13, 14, 15, 16]
NIGHT_CALIBRATION night_ordinary test 4 [13, 14, 15, 16, 17, 18, 19, 20, 21]
NIGHT_CALIBRATION night_ordinary test 5 [18, 19, 20, 21, 22, 23, 24, 25, 26]
NIGHT_CALIBRATION night_ordinary test 6 [24, 25, 26, 27, 28, 29, 30, 31, 32]
NIGHT_CALIBRATION night_ordinary test 7 [29, 30, 31, 32, 33, 34, 35, 36, 37]
NIGHT_CALIBRATION night_ordinary test 8 [34, 35, 36, 37, 38, 39, 40, 41, 42]
NIGHT_CALIBRATION night_ordinary test 9 [40, 41, 42, 43, 44, 45, 46, 47, 48]
NIGHT_CALIBRATION night_ordinary test 10 [45, 46, 47, 48, 49, 50, 51, 52, 53]
NIGHT_CALIBRATION night_ordinary test 11 [51, 52, 53, 54, 55, 56, 57, 58, 59]
NIGHT_CALIBRATION night_special train 0 [0, 1, 2, 3, 4, 5, 6, 7, 8]
NIGHT_CALIBRATION night_special train 1 [37, 38, 39, 40, 41, 42, 43, 44, 45]
NIGHT_CALIBRATION night_special train 2 [74, 75, 76, 77, 78, 79, 80, 81, 82]
NIGHT_CALIBRATION night_special train 3 [111, 112, 113, 114, 115, 116, 117, 118, 119]
NIGHT_CALIBRATION night_special test 0 [0, 0, 0, 0, 0, 0, 0, 0, 0]
NIGHT_CALIBRATION night_special test 1 [2, 3, 4, 5, 6, 7, 8, 9, 10]
NIGHT_CALIBRATION night_special test 2 [13, 14, 15, 16, 17, 18, 19, 20, 21]
NIGHT_CALIBRATION night_special test 3 [24, 25, 26, 27, 28, 29, 30, 31, 32]
NIGHT_CALIBRATION night_special test 4 [35, 36, 37, 38, 39, 40, 41, 42, 43]
NIGHT_CALIBRATION night_special test 5 [46, 47, 48, 49, 50, 51, 52, 53, 54]
NIGHT_CALIBRATION night_special test 6 [56, 57, 58, 59, 60, 61, 62, 63, 64]
NIGHT_CALIBRATION night_special test 7 [67, 68, 69, 70, 71, 72, 73, 74, 75]
NIGHT_CALIBRATION night_special test 8 [78, 79, 80, 81, 82, 83, 84, 85, 86]
NIGHT_CALIBRATION night_special test 9 [89, 90, 91, 92, 93, 94, 95, 96, 97]
NIGHT_CALIBRATION night_special test 10 [100, 101, 102, 103, 104, 105, 106, 107, 108]
NIGHT_CALIBRATION night_special test 11 [111, 112, 113, 114, 115, 116, 117, 118, 119]
NIGHT_CALIBRATION_COMPLETE
