NIGHT_CALIBRATION night_ordinary train 0 [0, 1, 2, 3, 4, 5, 6, 7, 8]
NIGHT_CALIBRATION night_ordinary train 1 [51, 52, 53, 54, 55, 56, 57, 58, 59]
NIGHT_CALIBRATION night_ordinary train 2 [51, 52, 53, 54, 55, 56, 57, 58, 59]
NIGHT_CALIBRATION night_ordinary train 3 [51, 52, 53, 54, 55, 56, 57, 58, 59]
NIGHT_CALIBRATION night_ordinary test 0 [0, 0, 0, 0, 0, 0, 0, 0, 0]
NIGHT_CALIBRATION night_ordinary test 1 [0, 0, 0, 0, 1, 2, 3, 4, 5]
NIGHT_CALIBRATION night_ordinary test 2 [2, 3, 4, 5, 6, 7, 8, 9, 10]
NIGHT_CALIBRATION night_ordinary test 3 [8, 9, 10, 11, 12, 13, 14, 15, 16]
NIGHT_CALIBRATION night_ordinary test 4 [13, 14, 15, 16, 17, 18, 19, 20, 21]
NIGHT_CALIBRATION night_ordinary test 5 [18, 19, 20, 21, 22, 23, 24, 25, 26]
NIGHT_CALIBRATION night_ordinary test 6 [24, 25, 26, 27, 28, 29, 30, 31, 32]
NIGHT_CALIBRATION night_ordinary test 7 [29, 30, 31, 32, 33, 34, 35, 36, 37]
NIGHT_CALIBRATION night_ordinary test 8 [34, 35, 36, 37, 38, 39, 40, 41, 42]
NIGHT_CALIBRATION night_ordinary test 9 [40, 41, 42, 43, 44, 45, 46, 47, 48]
NIGHT_CALIBRATION night_ordinary test 10 [45, 46, 47, 48, 49, 50, 51, 52, 53]
NIGHT_CALIBRATION night_ordinary test 11 [51, 52, 53, 54, 55, 56, 57, 58, 59]
Traceback (most recent call last):
  File "/data/zhangbenzhuang/huawei_sr/runs/SS928-BOARD-V13-20260930/runtime/prepare_night_calibration.py", line 90, in <module>
    if __name__=='__main__':main()
  File "/data/zhangbenzhuang/huawei_sr/runs/SS928-BOARD-V13-20260930/runtime/prepare_night_calibration.py", line 54, in main
    c,_=data.context_for(row,crop_tlhw=(0,0,1024,1280));c=c[None].cuda()
  File "/data/zhangbenzhuang/huawei_sr/code/worktrees/ss928-five-scene-nine-20260929/src/ir_sr/data.py", line 280, in context_for
    raise ValueError('Invalid context crop/augmentation')
ValueError: Invalid context crop/augmentation
