EXPORTED ordinary_previous_combo_small.onnx
EXPORTED ordinary_previous_combo.onnx
EXPORTED ordinary_combo_scaled9_exact_small.onnx
EXPORTED ordinary_combo_scaled9_exact.onnx
EXPORTED ordinary_combo_aligned16_nearest_small.onnx
EXPORTED ordinary_combo_aligned16_nearest.onnx
EXPORTED ordinary_combo_aligned16_fixed_small.onnx
EXPORTED ordinary_combo_aligned16_fixed.onnx
EXPORTED ordinary_combo_aligned16_folded_fixed_small.onnx
EXPORTED ordinary_combo_aligned16_folded_fixed.onnx
EXPORTED ordinary_combo_relu_stats32_scaled9_exact_small.onnx
EXPORTED ordinary_combo_relu_stats32_scaled9_exact.onnx
EXPORTED ordinary_combo_project_after_resize_scaled9_exact_small.onnx
EXPORTED ordinary_combo_project_after_resize_scaled9_exact.onnx
EXPORTED ordinary_combo_input9_half_scaled9_exact_small.onnx
EXPORTED ordinary_combo_input9_half_scaled9_exact.onnx
EXPORTED ordinary_combo_input16_half_native_stats_scaled9_exact_small.onnx
EXPORTED ordinary_combo_input16_half_native_stats_scaled9_exact.onnx
EXPORTED ordinary_combo_input9_half_aligned16_nearest_small.onnx
EXPORTED ordinary_combo_input9_half_aligned16_nearest.onnx
EXPORTED ordinary_combo_input16_half_native_stats_aligned16_fixed_small.onnx
EXPORTED ordinary_combo_input16_half_native_stats_aligned16_fixed.onnx
EXPORTED ordinary_native4_linear_trained_small.onnx
EXPORTED ordinary_native4_linear_trained.onnx
EXPORTED ordinary_native4_linear_ref_dither_float_trained_small.onnx
EXPORTED ordinary_native4_linear_ref_dither_float_trained.onnx
EXPORTED ordinary_native4_relu8_ref_dither_trained_small.onnx
EXPORTED ordinary_native4_relu8_ref_dither_trained.onnx
EXPORTED ordinary_combo_tail5_exact_edges_small.onnx
EXPORTED ordinary_combo_tail5_exact_edges.onnx
EXPORTED ordinary_combo_tail5_interior_small.onnx
EXPORTED ordinary_combo_tail5_interior.onnx
